******************************************************************************
                  TI ARM Linker PC v16.9.3                     
******************************************************************************
>> Linked Sun Jul 09 16:18:09 2017

OUTPUT FILE NAME:   <simple_peripheral_cc2650lp_app.out>
ENTRY POINT SYMBOL: "ResetISR"  address: 0000508d


MEMORY CONFIGURATION

         name            origin    length      used     unused   attr    fill
----------------------  --------  ---------  --------  --------  ----  --------
  FLASH                 00000000   0000f000  00007264  00007d9c  R  X
  FLASH_LAST_PAGE       0001f000   00001000  00000058  00000fa8  R  X
  SRAM                  20000000   00004348  000020c5  00002283  RW X


SEGMENT ALLOCATION MAP

run origin  load origin   length   init length attrs members
----------  ----------- ---------- ----------- ----- -------
00000000    00000000    00007270   00007270    r-x
  00000000    00000000    0000003c   0000003c    r-- .resetVecs
  0000003c    0000003c    000000c4   000000c4    r-x .text.1
  00000100    00000100    0000003c   0000003c    r-- .const:ti_sysbios_knl_Task_Object__PARAMS__C
  0000013c    0000013c    00000034   00000034    r-- .const:ti_sysbios_knl_Mailbox_Object__PARAMS__C
  00000170    00000170    00000030   00000030    r-- .const:ti_sysbios_family_arm_m3_Hwi_Object__PARAMS__C
  000001a0    000001a0    0000002c   0000002c    r-- .const:ti_sysbios_hal_Hwi_Object__PARAMS__C
  000001cc    000001cc    00000028   00000028    r-- .const:ti_sysbios_heaps_HeapMem_Module__FXNS__C
  000001f4    000001f4    00000028   00000028    r-- .const:ti_sysbios_knl_Swi_Object__PARAMS__C
  0000021c    0000021c    00000024   00000024    r-- .const:ti_sysbios_gates_GateHwi_Module__FXNS__C
  00000240    00000240    00000024   00000024    r-- .const:ti_sysbios_gates_GateMutex_Module__FXNS__C
  00000264    00000264    00000024   00000024    r-- .const:ti_sysbios_heaps_HeapMem_Object__PARAMS__C
  00000288    00000288    00000024   00000024    r-- .const:ti_sysbios_knl_Clock_Object__PARAMS__C
  000002ac    000002ac    00000024   00000024    r-- .const:ti_sysbios_knl_Semaphore_Object__PARAMS__C
  000002d0    000002d0    00000020   00000020    r-- .const:ti_sysbios_family_arm_m3_Hwi_Object__DESC__C
  000002f0    000002f0    00000020   00000020    r-- .const:ti_sysbios_gates_GateHwi_Object__DESC__C
  00000310    00000310    00000020   00000020    r-- .const:ti_sysbios_gates_GateMutex_Object__DESC__C
  00000330    00000330    00000020   00000020    r-- .const:ti_sysbios_hal_Hwi_Object__DESC__C
  00000350    00000350    00000020   00000020    r-- .const:ti_sysbios_heaps_HeapMem_Object__DESC__C
  00000370    00000370    00000020   00000020    r-- .const:ti_sysbios_knl_Clock_Object__DESC__C
  00000390    00000390    00000020   00000020    r-- .const:ti_sysbios_knl_Mailbox_Object__DESC__C
  000003b0    000003b0    00000020   00000020    r-- .const:ti_sysbios_knl_Queue_Object__DESC__C
  000003d0    000003d0    00000020   00000020    r-- .const:ti_sysbios_knl_Semaphore_Object__DESC__C
  000003f0    000003f0    00000020   00000020    r-- .const:ti_sysbios_knl_Swi_Object__DESC__C
  00000410    00000410    00000020   00000020    r-- .const:ti_sysbios_knl_Task_Object__DESC__C
  00000430    00000430    00000018   00000018    r-- .const:ti_sysbios_gates_GateHwi_Object__PARAMS__C
  00000448    00000448    00000018   00000018    r-- .const:ti_sysbios_gates_GateMutex_Object__PARAMS__C
  00000460    00000460    00000018   00000018    r-- .const:ti_sysbios_knl_Queue_Object__PARAMS__C
  00000478    00000478    00000008   00000008    r-- .const:ti_sysbios_knl_Idle_funcList__C
  00000480    00000480    00000004   00000004    r-x .text.2
  00000484    00000484    00000004   00000004    r-- .const:ti_sysbios_family_arm_cc26xx_Timer_startupNeeded__C
  00000488    00000488    00000004   00000004    r-- .const:ti_sysbios_family_arm_m3_Hwi_E_alreadyDefined__C
  0000048c    0000048c    00000004   00000004    r-- .const:ti_sysbios_family_arm_m3_Hwi_E_hwiLimitExceeded__C
  00000490    00000490    00000004   00000004    r-- .const:ti_sysbios_family_arm_m3_Hwi_NUM_INTERRUPTS__C
  00000494    00000494    00000004   00000004    r-- .const:ti_sysbios_family_arm_m3_Hwi_Object__count__C
  00000498    00000498    00000004   00000004    r-- .const:ti_sysbios_family_arm_m3_Hwi_Object__table__C
  0000049c    0000049c    00000004   00000004    r-- .const:ti_sysbios_family_arm_m3_Hwi_ccr__C
  000004a0    000004a0    00000004   00000004    r-- .const:ti_sysbios_family_arm_m3_Hwi_excHandlerFunc__C
  000004a4    000004a4    00000004   00000004    r-- .const:ti_sysbios_family_arm_m3_Hwi_nullIsrFunc__C
  000004a8    000004a8    00000004   00000004    r-- .const:ti_sysbios_family_arm_m3_Hwi_numSparseInterrupts__C
  000004ac    000004ac    00000004   00000004    r-- .const:ti_sysbios_family_arm_m3_Hwi_priGroup__C
  000004b0    000004b0    00000004   00000004    r-- .const:ti_sysbios_family_arm_m3_TaskSupport_stackAlignment__C
  000004b4    000004b4    00000004   00000004    r-- .const:ti_sysbios_heaps_HeapMem_E_memory__C
  000004b8    000004b8    00000004   00000004    r-- .const:ti_sysbios_heaps_HeapMem_Module__gateObj__C
  000004bc    000004bc    00000004   00000004    r-- .const:ti_sysbios_heaps_HeapMem_Object__count__C
  000004c0    000004c0    00000004   00000004    r-- .const:ti_sysbios_heaps_HeapMem_Object__table__C
  000004c4    000004c4    00000004   00000004    r-- .const:ti_sysbios_heaps_HeapMem_reqAlign__C
  000004c8    000004c8    00000004   00000004    r-- .const:ti_sysbios_knl_Clock_serviceMargin__C
  000004cc    000004cc    00000004   00000004    r-- .const:ti_sysbios_knl_Mailbox_Object__count__C
  000004d0    000004d0    00000004   00000004    r-- .const:ti_sysbios_knl_Mailbox_Object__table__C
  000004d4    000004d4    00000004   00000004    r-- .const:ti_sysbios_knl_Queue_Object__count__C
  000004d8    000004d8    00000004   00000004    r-- .const:ti_sysbios_knl_Queue_Object__table__C
  000004dc    000004dc    00000004   00000004    r-- .const:ti_sysbios_knl_Swi_Object__count__C
  000004e0    000004e0    00000004   00000004    r-- .const:ti_sysbios_knl_Swi_Object__table__C
  000004e4    000004e4    00000004   00000004    r-- .const:ti_sysbios_knl_Swi_numPriorities__C
  000004e8    000004e8    00000004   00000004    r-- .const:ti_sysbios_knl_Task_Object__count__C
  000004ec    000004ec    00000004   00000004    r-- .const:ti_sysbios_knl_Task_Object__table__C
  000004f0    000004f0    00000004   00000004    r-- .const:ti_sysbios_knl_Task_allBlockedFunc__C
  000004f4    000004f4    00000004   00000004    r-- .const:ti_sysbios_knl_Task_defaultStackHeap__C
  000004f8    000004f8    00000004   00000004    r-- .const:ti_sysbios_knl_Task_defaultStackSize__C
  000004fc    000004fc    00000004   00000004    r-- .const:ti_sysbios_knl_Task_numConstructedTasks__C
  00000500    00000500    00000002   00000002    r-x .text.3
  00000502    00000502    00000002   00000002    r-- .const:ti_sysbios_family_arm_cc26xx_Timer_Module__id__C
  00000504    00000504    00000002   00000002    r-- .const:ti_sysbios_family_arm_cc26xx_TimestampProvider_useClockTimer__C
  00000506    00000506    00000002   00000002    r-- .const:ti_sysbios_family_arm_m3_Hwi_Module__id__C
  00000508    00000508    00000002   00000002    r-- .const:ti_sysbios_gates_GateHwi_Module__id__C
  0000050a    0000050a    00000002   00000002    r-- .const:ti_sysbios_gates_GateMutex_Module__id__C
  0000050c    0000050c    00000002   00000002    r-- .const:ti_sysbios_heaps_HeapMem_Module__id__C
  0000050e    0000050e    00000002   00000002    r-- .const:ti_sysbios_knl_Task_initStackFlag__C
  00000510    00000510    00000001   00000001    r-- .const:ti_sysbios_knl_Clock_tickMode__C
  00000514    00000514    00000008   00000008    r-- .const:xdc_runtime_Startup_firstFxns__C
  0000051c    0000051c    00000008   00000008    r-- .const:xdc_runtime_Startup_lastFxns__C
  00000524    00000524    00000004   00000004    r-- .const:xdc_runtime_Assert_E_assertFailed__C
  00000528    00000528    00000004   00000004    r-- .const:xdc_runtime_Error_E_memory__C
  0000052c    0000052c    00000004   00000004    r-- .const:xdc_runtime_Error_policyFxn__C
  00000530    00000530    00000004   00000004    r-- .const:xdc_runtime_IGateProvider_Interface__BASE__C
  00000534    00000534    00000004   00000004    r-- .const:xdc_runtime_IHeap_Interface__BASE__C
  00000538    00000538    00000004   00000004    r-- .const:xdc_runtime_IModule_Interface__BASE__C
  0000053c    0000053c    00000004   00000004    r-- .const:xdc_runtime_Main_Module__diagsEnabled__C
  00000540    00000540    00000004   00000004    r-- .const:xdc_runtime_Main_Module__diagsIncluded__C
  00000544    00000544    00000004   00000004    r-- .const:xdc_runtime_Main_Module__diagsMask__C
  00000548    00000548    00000004   00000004    r-- .const:xdc_runtime_Memory_defaultHeapInstance__C
  0000054c    0000054c    00000004   00000004    r-- .const:xdc_runtime_Startup_execImpl__C
  00000550    00000550    00000004   00000004    r-- .const:xdc_runtime_Startup_maxPasses__C
  00000554    00000554    00000004   00000004    r-- .const:xdc_runtime_Startup_sfxnRts__C
  00000558    00000558    00000004   00000004    r-- .const:xdc_runtime_Startup_sfxnTab__C
  0000055c    0000055c    00000004   00000004    r-- .const:xdc_runtime_Startup_startModsFxn__C
  00000560    00000560    00000004   00000004    r-- .const:xdc_runtime_SysCallback_abortFxn__C
  00000564    00000564    00000004   00000004    r-- .const:xdc_runtime_SysCallback_exitFxn__C
  00000568    00000568    00000004   00000004    r-- .const:xdc_runtime_System_abortFxn__C
  0000056c    0000056c    00000004   00000004    r-- .const:xdc_runtime_System_exitFxn__C
  00000570    00000570    00000004   00000004    r-- .const:xdc_runtime_System_maxAtexitHandlers__C
  00000574    00000574    00000004   00000004    r-- .const:xdc_runtime_Text_charTab__C
  00000578    00000578    00000004   00000004    r-- .const:xdc_runtime_Text_nameEmpty__C
  0000057c    0000057c    00000004   00000004    r-- .const:xdc_runtime_Text_nameStatic__C
  00000580    00000580    00000004   00000004    r-- .const:xdc_runtime_Text_nameUnknown__C
  00000584    00000584    00000002   00000002    r-- .const:xdc_runtime_Main_Module__id__C
  00000586    00000586    00000002   00000002    r-- .const:xdc_runtime_Memory_Module__id__C
  00000588    00000588    00000002   00000002    r-- .const:xdc_runtime_Text_charCnt__C
  0000058a    0000058a    00000002   00000002    r-- .const:xdc_runtime_Text_isLoaded__C
  0000058c    0000058c    00000001   00000001    r-- .const:xdc_runtime_Error_policy__C
  00000590    00000590    00000004   00000004    r-- .const:ti_sysbios_rom_ROM_AONRTCChannelEnable
  00000594    00000594    00000004   00000004    r-- .const:ti_sysbios_rom_ROM_AONRTCCompareValueSet
  00000598    00000598    00000004   00000004    r-- .const:ti_sysbios_rom_ROM_AONRTCCurrentCompareValueGet
  0000059c    0000059c    00000004   00000004    r-- .const:ti_sysbios_rom_ROM_AONRTCEventClear
  000005a0    000005a0    00000004   00000004    r-- .const:ti_sysbios_rom_ROM_ti_sysbios_family_arm_cc26xx_Timer_getCount64__E
  000005a4    000005a4    00000004   00000004    r-- .const:ti_sysbios_rom_ROM_ti_sysbios_family_arm_cc26xx_Timer_getCurrentTick__E
  000005a8    000005a8    00000004   00000004    r-- .const:ti_sysbios_rom_ROM_ti_sysbios_family_arm_cc26xx_Timer_getMaxTicks__E
  000005ac    000005ac    00000004   00000004    r-- .const:ti_sysbios_rom_ROM_ti_sysbios_family_arm_cc26xx_Timer_initDevice__I
  000005b0    000005b0    00000004   00000004    r-- .const:ti_sysbios_rom_ROM_ti_sysbios_family_arm_cc26xx_Timer_setNextTick__E
  000005b4    000005b4    00000004   00000004    r-- .const:ti_sysbios_rom_ROM_ti_sysbios_family_arm_cc26xx_Timer_setThreshold__I
  000005b8    000005b8    00000004   00000004    r-- .const:ti_sysbios_rom_ROM_ti_sysbios_family_arm_cc26xx_Timer_start__E
  000005bc    000005bc    00000004   00000004    r-- .const:ti_sysbios_rom_ROM_ti_sysbios_family_arm_cc26xx_TimestampProvider_get32__E
  000005c0    000005c0    00000004   00000004    r-- .const:ti_sysbios_rom_ROM_xdc_runtime_Startup_getState__I
  000005c4    000005c4    00000004   00000004    r-- .const:ti_sysbios_rom_ROM_xdc_runtime_System_SupportProxy_abort__E
  000005c8    000005c8    00000004   00000004    r-- .const:ti_sysbios_rom_ROM_xdc_runtime_System_SupportProxy_exit__E
  000005cc    000005cc    00000004   00000004    r-- .const:ti_sysbios_gates_GateMutex_Instance_State_sem__O
  000005d0    000005d0    00000004   00000004    r-- .const:ti_sysbios_knl_Clock_Module_State_clockQ__O
  000005d4    000005d4    00000004   00000004    r-- .const:ti_sysbios_knl_Mailbox_Instance_State_dataQue__O
  000005d8    000005d8    00000004   00000004    r-- .const:ti_sysbios_knl_Mailbox_Instance_State_dataSem__O
  000005dc    000005dc    00000004   00000004    r-- .const:ti_sysbios_knl_Mailbox_Instance_State_freeQue__O
  000005e0    000005e0    00000004   00000004    r-- .const:ti_sysbios_knl_Mailbox_Instance_State_freeSem__O
  000005e4    000005e4    00000004   00000004    r-- .const:ti_sysbios_knl_Semaphore_Instance_State_pendQ__O
  000005e8    000005e8    00000004   00000004    r-- .const:ti_sysbios_knl_Task_Module_State_inactiveQ__O
  000005ec    000005ec    000064c8   000064c8    r-x .text.4
  00006ab4    00006ab4    00000316   00000316    r-- .const
  00006dd0    00006dd0    000004a0   000004a0    r-- .cinit
0001ffa8    0001ffa8    00000058   00000058    r--
  0001ffa8    0001ffa8    00000058   00000058    r-- .ccfg
20000100    20000100    00001c01   00000000    rw-
  20000100    20000100    00000044   00000000    rw- .data:ti_sysbios_knl_Task_Module__state__V
  20000144    20000144    00000034   00000000    rw- .data:ti_sysbios_family_arm_m3_Hwi_Module__state__V
  20000178    20000178    0000002c   00000000    rw- .data:ti_sysbios_knl_Clock_Module__state__V
  200001a4    200001a4    00000024   00000000    rw- .data:ti_sysbios_BIOS_Module__state__V
  200001c8    200001c8    0000001c   00000000    rw- .data:ti_sysbios_knl_Swi_Module__state__V
  200001e4    200001e4    00000008   00000000    rw- .data:ti_sysbios_family_arm_cc26xx_Timer_Module__state__V
  200001ec    200001ec    00000004   00000000    rw- .data:ti_sysbios_family_arm_cc26xx_TimestampProvider_Module__state__V
  200001f0    200001f0    00000008   00000000    rw- .data:xdc_runtime_Startup_Module__state__V
  200001f8    200001f8    00000008   00000000    rw- .data:xdc_runtime_System_Module__state__V
  20000200    20000200    00000004   00000000    rw- .data:xdc_runtime_Memory_Module__state__V
  20000208    20000208    00001078   00000000    rw- .data
  20001280    20001280    00000a81   00000000    rw- .bss
20003f48    20003f48    00000400   00000000    rw-
  20003f48    20003f48    00000400   00000000    rw- .stack


SECTION ALLOCATION MAP

 output                                  attributes/
section   page    origin      length       input sections
--------  ----  ----------  ----------   ----------------
.resetVecs 
*          0    00000000    0000003c     
                  00000000    0000003c     app_ble_pem3.oem3 (.resetVecs)

.text.1    0    0000003c    000000c4     
                  0000003c    000000c0     simple_gatt_profile.obj (.text:SimpleProfile_SetParameter)
                  000000fc    00000004     icall.obj (.text:ICall_primAbort$14)

.const:ti_sysbios_knl_Task_Object__PARAMS__C 
*          0    00000100    0000003c     
                  00000100    0000003c     app_ble_pem3.oem3 (.const:ti_sysbios_knl_Task_Object__PARAMS__C)

.const:ti_sysbios_knl_Mailbox_Object__PARAMS__C 
*          0    0000013c    00000034     
                  0000013c    00000034     app_ble_pem3.oem3 (.const:ti_sysbios_knl_Mailbox_Object__PARAMS__C)

.const:ti_sysbios_family_arm_m3_Hwi_Object__PARAMS__C 
*          0    00000170    00000030     
                  00000170    00000030     app_ble_pem3.oem3 (.const:ti_sysbios_family_arm_m3_Hwi_Object__PARAMS__C)

.const:ti_sysbios_hal_Hwi_Object__PARAMS__C 
*          0    000001a0    0000002c     
                  000001a0    0000002c     app_ble_pem3.oem3 (.const:ti_sysbios_hal_Hwi_Object__PARAMS__C)

.const:ti_sysbios_heaps_HeapMem_Module__FXNS__C 
*          0    000001cc    00000028     
                  000001cc    00000028     app_ble_pem3.oem3 (.const:ti_sysbios_heaps_HeapMem_Module__FXNS__C)

.const:ti_sysbios_knl_Swi_Object__PARAMS__C 
*          0    000001f4    00000028     
                  000001f4    00000028     app_ble_pem3.oem3 (.const:ti_sysbios_knl_Swi_Object__PARAMS__C)

.const:ti_sysbios_gates_GateHwi_Module__FXNS__C 
*          0    0000021c    00000024     
                  0000021c    00000024     app_ble_pem3.oem3 (.const:ti_sysbios_gates_GateHwi_Module__FXNS__C)

.const:ti_sysbios_gates_GateMutex_Module__FXNS__C 
*          0    00000240    00000024     
                  00000240    00000024     app_ble_pem3.oem3 (.const:ti_sysbios_gates_GateMutex_Module__FXNS__C)

.const:ti_sysbios_heaps_HeapMem_Object__PARAMS__C 
*          0    00000264    00000024     
                  00000264    00000024     app_ble_pem3.oem3 (.const:ti_sysbios_heaps_HeapMem_Object__PARAMS__C)

.const:ti_sysbios_knl_Clock_Object__PARAMS__C 
*          0    00000288    00000024     
                  00000288    00000024     app_ble_pem3.oem3 (.const:ti_sysbios_knl_Clock_Object__PARAMS__C)

.const:ti_sysbios_knl_Semaphore_Object__PARAMS__C 
*          0    000002ac    00000024     
                  000002ac    00000024     app_ble_pem3.oem3 (.const:ti_sysbios_knl_Semaphore_Object__PARAMS__C)

.const:ti_sysbios_family_arm_m3_Hwi_Object__DESC__C 
*          0    000002d0    00000020     
                  000002d0    00000020     app_ble_pem3.oem3 (.const:ti_sysbios_family_arm_m3_Hwi_Object__DESC__C)

.const:ti_sysbios_gates_GateHwi_Object__DESC__C 
*          0    000002f0    00000020     
                  000002f0    00000020     app_ble_pem3.oem3 (.const:ti_sysbios_gates_GateHwi_Object__DESC__C)

.const:ti_sysbios_gates_GateMutex_Object__DESC__C 
*          0    00000310    00000020     
                  00000310    00000020     app_ble_pem3.oem3 (.const:ti_sysbios_gates_GateMutex_Object__DESC__C)

.const:ti_sysbios_hal_Hwi_Object__DESC__C 
*          0    00000330    00000020     
                  00000330    00000020     app_ble_pem3.oem3 (.const:ti_sysbios_hal_Hwi_Object__DESC__C)

.const:ti_sysbios_heaps_HeapMem_Object__DESC__C 
*          0    00000350    00000020     
                  00000350    00000020     app_ble_pem3.oem3 (.const:ti_sysbios_heaps_HeapMem_Object__DESC__C)

.const:ti_sysbios_knl_Clock_Object__DESC__C 
*          0    00000370    00000020     
                  00000370    00000020     app_ble_pem3.oem3 (.const:ti_sysbios_knl_Clock_Object__DESC__C)

.const:ti_sysbios_knl_Mailbox_Object__DESC__C 
*          0    00000390    00000020     
                  00000390    00000020     app_ble_pem3.oem3 (.const:ti_sysbios_knl_Mailbox_Object__DESC__C)

.const:ti_sysbios_knl_Queue_Object__DESC__C 
*          0    000003b0    00000020     
                  000003b0    00000020     app_ble_pem3.oem3 (.const:ti_sysbios_knl_Queue_Object__DESC__C)

.const:ti_sysbios_knl_Semaphore_Object__DESC__C 
*          0    000003d0    00000020     
                  000003d0    00000020     app_ble_pem3.oem3 (.const:ti_sysbios_knl_Semaphore_Object__DESC__C)

.const:ti_sysbios_knl_Swi_Object__DESC__C 
*          0    000003f0    00000020     
                  000003f0    00000020     app_ble_pem3.oem3 (.const:ti_sysbios_knl_Swi_Object__DESC__C)

.const:ti_sysbios_knl_Task_Object__DESC__C 
*          0    00000410    00000020     
                  00000410    00000020     app_ble_pem3.oem3 (.const:ti_sysbios_knl_Task_Object__DESC__C)

.const:ti_sysbios_gates_GateHwi_Object__PARAMS__C 
*          0    00000430    00000018     
                  00000430    00000018     app_ble_pem3.oem3 (.const:ti_sysbios_gates_GateHwi_Object__PARAMS__C)

.const:ti_sysbios_gates_GateMutex_Object__PARAMS__C 
*          0    00000448    00000018     
                  00000448    00000018     app_ble_pem3.oem3 (.const:ti_sysbios_gates_GateMutex_Object__PARAMS__C)

.const:ti_sysbios_knl_Queue_Object__PARAMS__C 
*          0    00000460    00000018     
                  00000460    00000018     app_ble_pem3.oem3 (.const:ti_sysbios_knl_Queue_Object__PARAMS__C)

.const:ti_sysbios_knl_Idle_funcList__C 
*          0    00000478    00000008     
                  00000478    00000008     app_ble_pem3.oem3 (.const:ti_sysbios_knl_Idle_funcList__C)

.text.2    0    00000480    00000004     
                  00000480    00000004     drivers_cc26xxware.aem3 : List.oem3 (.text:List_head)

.const:ti_sysbios_family_arm_cc26xx_Timer_startupNeeded__C 
*          0    00000484    00000004     
                  00000484    00000004     app_ble_pem3.oem3 (.const:ti_sysbios_family_arm_cc26xx_Timer_startupNeeded__C)

.const:ti_sysbios_family_arm_m3_Hwi_E_alreadyDefined__C 
*          0    00000488    00000004     
                  00000488    00000004     app_ble_pem3.oem3 (.const:ti_sysbios_family_arm_m3_Hwi_E_alreadyDefined__C)

.const:ti_sysbios_family_arm_m3_Hwi_E_hwiLimitExceeded__C 
*          0    0000048c    00000004     
                  0000048c    00000004     app_ble_pem3.oem3 (.const:ti_sysbios_family_arm_m3_Hwi_E_hwiLimitExceeded__C)

.const:ti_sysbios_family_arm_m3_Hwi_NUM_INTERRUPTS__C 
*          0    00000490    00000004     
                  00000490    00000004     app_ble_pem3.oem3 (.const:ti_sysbios_family_arm_m3_Hwi_NUM_INTERRUPTS__C)

.const:ti_sysbios_family_arm_m3_Hwi_Object__count__C 
*          0    00000494    00000004     
                  00000494    00000004     app_ble_pem3.oem3 (.const:ti_sysbios_family_arm_m3_Hwi_Object__count__C)

.const:ti_sysbios_family_arm_m3_Hwi_Object__table__C 
*          0    00000498    00000004     
                  00000498    00000004     app_ble_pem3.oem3 (.const:ti_sysbios_family_arm_m3_Hwi_Object__table__C)

.const:ti_sysbios_family_arm_m3_Hwi_ccr__C 
*          0    0000049c    00000004     
                  0000049c    00000004     app_ble_pem3.oem3 (.const:ti_sysbios_family_arm_m3_Hwi_ccr__C)

.const:ti_sysbios_family_arm_m3_Hwi_excHandlerFunc__C 
*          0    000004a0    00000004     
                  000004a0    00000004     app_ble_pem3.oem3 (.const:ti_sysbios_family_arm_m3_Hwi_excHandlerFunc__C)

.const:ti_sysbios_family_arm_m3_Hwi_nullIsrFunc__C 
*          0    000004a4    00000004     
                  000004a4    00000004     app_ble_pem3.oem3 (.const:ti_sysbios_family_arm_m3_Hwi_nullIsrFunc__C)

.const:ti_sysbios_family_arm_m3_Hwi_numSparseInterrupts__C 
*          0    000004a8    00000004     
                  000004a8    00000004     app_ble_pem3.oem3 (.const:ti_sysbios_family_arm_m3_Hwi_numSparseInterrupts__C)

.const:ti_sysbios_family_arm_m3_Hwi_priGroup__C 
*          0    000004ac    00000004     
                  000004ac    00000004     app_ble_pem3.oem3 (.const:ti_sysbios_family_arm_m3_Hwi_priGroup__C)

.const:ti_sysbios_family_arm_m3_TaskSupport_stackAlignment__C 
*          0    000004b0    00000004     
                  000004b0    00000004     app_ble_pem3.oem3 (.const:ti_sysbios_family_arm_m3_TaskSupport_stackAlignment__C)

.const:ti_sysbios_heaps_HeapMem_E_memory__C 
*          0    000004b4    00000004     
                  000004b4    00000004     app_ble_pem3.oem3 (.const:ti_sysbios_heaps_HeapMem_E_memory__C)

.const:ti_sysbios_heaps_HeapMem_Module__gateObj__C 
*          0    000004b8    00000004     
                  000004b8    00000004     app_ble_pem3.oem3 (.const:ti_sysbios_heaps_HeapMem_Module__gateObj__C)

.const:ti_sysbios_heaps_HeapMem_Object__count__C 
*          0    000004bc    00000004     
                  000004bc    00000004     app_ble_pem3.oem3 (.const:ti_sysbios_heaps_HeapMem_Object__count__C)

.const:ti_sysbios_heaps_HeapMem_Object__table__C 
*          0    000004c0    00000004     
                  000004c0    00000004     app_ble_pem3.oem3 (.const:ti_sysbios_heaps_HeapMem_Object__table__C)

.const:ti_sysbios_heaps_HeapMem_reqAlign__C 
*          0    000004c4    00000004     
                  000004c4    00000004     app_ble_pem3.oem3 (.const:ti_sysbios_heaps_HeapMem_reqAlign__C)

.const:ti_sysbios_knl_Clock_serviceMargin__C 
*          0    000004c8    00000004     
                  000004c8    00000004     app_ble_pem3.oem3 (.const:ti_sysbios_knl_Clock_serviceMargin__C)

.const:ti_sysbios_knl_Mailbox_Object__count__C 
*          0    000004cc    00000004     
                  000004cc    00000004     app_ble_pem3.oem3 (.const:ti_sysbios_knl_Mailbox_Object__count__C)

.const:ti_sysbios_knl_Mailbox_Object__table__C 
*          0    000004d0    00000004     
                  000004d0    00000004     app_ble_pem3.oem3 (.const:ti_sysbios_knl_Mailbox_Object__table__C)

.const:ti_sysbios_knl_Queue_Object__count__C 
*          0    000004d4    00000004     
                  000004d4    00000004     app_ble_pem3.oem3 (.const:ti_sysbios_knl_Queue_Object__count__C)

.const:ti_sysbios_knl_Queue_Object__table__C 
*          0    000004d8    00000004     
                  000004d8    00000004     app_ble_pem3.oem3 (.const:ti_sysbios_knl_Queue_Object__table__C)

.const:ti_sysbios_knl_Swi_Object__count__C 
*          0    000004dc    00000004     
                  000004dc    00000004     app_ble_pem3.oem3 (.const:ti_sysbios_knl_Swi_Object__count__C)

.const:ti_sysbios_knl_Swi_Object__table__C 
*          0    000004e0    00000004     
                  000004e0    00000004     app_ble_pem3.oem3 (.const:ti_sysbios_knl_Swi_Object__table__C)

.const:ti_sysbios_knl_Swi_numPriorities__C 
*          0    000004e4    00000004     
                  000004e4    00000004     app_ble_pem3.oem3 (.const:ti_sysbios_knl_Swi_numPriorities__C)

.const:ti_sysbios_knl_Task_Object__count__C 
*          0    000004e8    00000004     
                  000004e8    00000004     app_ble_pem3.oem3 (.const:ti_sysbios_knl_Task_Object__count__C)

.const:ti_sysbios_knl_Task_Object__table__C 
*          0    000004ec    00000004     
                  000004ec    00000004     app_ble_pem3.oem3 (.const:ti_sysbios_knl_Task_Object__table__C)

.const:ti_sysbios_knl_Task_allBlockedFunc__C 
*          0    000004f0    00000004     
                  000004f0    00000004     app_ble_pem3.oem3 (.const:ti_sysbios_knl_Task_allBlockedFunc__C)

.const:ti_sysbios_knl_Task_defaultStackHeap__C 
*          0    000004f4    00000004     
                  000004f4    00000004     app_ble_pem3.oem3 (.const:ti_sysbios_knl_Task_defaultStackHeap__C)

.const:ti_sysbios_knl_Task_defaultStackSize__C 
*          0    000004f8    00000004     
                  000004f8    00000004     app_ble_pem3.oem3 (.const:ti_sysbios_knl_Task_defaultStackSize__C)

.const:ti_sysbios_knl_Task_numConstructedTasks__C 
*          0    000004fc    00000004     
                  000004fc    00000004     app_ble_pem3.oem3 (.const:ti_sysbios_knl_Task_numConstructedTasks__C)

.text.3    0    00000500    00000002     
                  00000500    00000002     ble_user_config.obj (.text:DefaultAssertCback)

.const:ti_sysbios_family_arm_cc26xx_Timer_Module__id__C 
*          0    00000502    00000002     
                  00000502    00000002     app_ble_pem3.oem3 (.const:ti_sysbios_family_arm_cc26xx_Timer_Module__id__C)

.const:ti_sysbios_family_arm_cc26xx_TimestampProvider_useClockTimer__C 
*          0    00000504    00000002     
                  00000504    00000002     app_ble_pem3.oem3 (.const:ti_sysbios_family_arm_cc26xx_TimestampProvider_useClockTimer__C)

.const:ti_sysbios_family_arm_m3_Hwi_Module__id__C 
*          0    00000506    00000002     
                  00000506    00000002     app_ble_pem3.oem3 (.const:ti_sysbios_family_arm_m3_Hwi_Module__id__C)

.const:ti_sysbios_gates_GateHwi_Module__id__C 
*          0    00000508    00000002     
                  00000508    00000002     app_ble_pem3.oem3 (.const:ti_sysbios_gates_GateHwi_Module__id__C)

.const:ti_sysbios_gates_GateMutex_Module__id__C 
*          0    0000050a    00000002     
                  0000050a    00000002     app_ble_pem3.oem3 (.const:ti_sysbios_gates_GateMutex_Module__id__C)

.const:ti_sysbios_heaps_HeapMem_Module__id__C 
*          0    0000050c    00000002     
                  0000050c    00000002     app_ble_pem3.oem3 (.const:ti_sysbios_heaps_HeapMem_Module__id__C)

.const:ti_sysbios_knl_Task_initStackFlag__C 
*          0    0000050e    00000002     
                  0000050e    00000002     app_ble_pem3.oem3 (.const:ti_sysbios_knl_Task_initStackFlag__C)

.const:ti_sysbios_knl_Clock_tickMode__C 
*          0    00000510    00000001     
                  00000510    00000001     app_ble_pem3.oem3 (.const:ti_sysbios_knl_Clock_tickMode__C)

.const:xdc_runtime_Startup_firstFxns__C 
*          0    00000514    00000008     
                  00000514    00000008     app_ble_pem3.oem3 (.const:xdc_runtime_Startup_firstFxns__C)

.const:xdc_runtime_Startup_lastFxns__C 
*          0    0000051c    00000008     
                  0000051c    00000008     app_ble_pem3.oem3 (.const:xdc_runtime_Startup_lastFxns__C)

.const:xdc_runtime_Assert_E_assertFailed__C 
*          0    00000524    00000004     
                  00000524    00000004     app_ble_pem3.oem3 (.const:xdc_runtime_Assert_E_assertFailed__C)

.const:xdc_runtime_Error_E_memory__C 
*          0    00000528    00000004     
                  00000528    00000004     app_ble_pem3.oem3 (.const:xdc_runtime_Error_E_memory__C)

.const:xdc_runtime_Error_policyFxn__C 
*          0    0000052c    00000004     
                  0000052c    00000004     app_ble_pem3.oem3 (.const:xdc_runtime_Error_policyFxn__C)

.const:xdc_runtime_IGateProvider_Interface__BASE__C 
*          0    00000530    00000004     
                  00000530    00000004     app_ble_pem3.oem3 (.const:xdc_runtime_IGateProvider_Interface__BASE__C)

.const:xdc_runtime_IHeap_Interface__BASE__C 
*          0    00000534    00000004     
                  00000534    00000004     app_ble_pem3.oem3 (.const:xdc_runtime_IHeap_Interface__BASE__C)

.const:xdc_runtime_IModule_Interface__BASE__C 
*          0    00000538    00000004     
                  00000538    00000004     app_ble_pem3.oem3 (.const:xdc_runtime_IModule_Interface__BASE__C)

.const:xdc_runtime_Main_Module__diagsEnabled__C 
*          0    0000053c    00000004     
                  0000053c    00000004     app_ble_pem3.oem3 (.const:xdc_runtime_Main_Module__diagsEnabled__C)

.const:xdc_runtime_Main_Module__diagsIncluded__C 
*          0    00000540    00000004     
                  00000540    00000004     app_ble_pem3.oem3 (.const:xdc_runtime_Main_Module__diagsIncluded__C)

.const:xdc_runtime_Main_Module__diagsMask__C 
*          0    00000544    00000004     
                  00000544    00000004     app_ble_pem3.oem3 (.const:xdc_runtime_Main_Module__diagsMask__C)

.const:xdc_runtime_Memory_defaultHeapInstance__C 
*          0    00000548    00000004     
                  00000548    00000004     app_ble_pem3.oem3 (.const:xdc_runtime_Memory_defaultHeapInstance__C)

.const:xdc_runtime_Startup_execImpl__C 
*          0    0000054c    00000004     
                  0000054c    00000004     app_ble_pem3.oem3 (.const:xdc_runtime_Startup_execImpl__C)

.const:xdc_runtime_Startup_maxPasses__C 
*          0    00000550    00000004     
                  00000550    00000004     app_ble_pem3.oem3 (.const:xdc_runtime_Startup_maxPasses__C)

.const:xdc_runtime_Startup_sfxnRts__C 
*          0    00000554    00000004     
                  00000554    00000004     app_ble_pem3.oem3 (.const:xdc_runtime_Startup_sfxnRts__C)

.const:xdc_runtime_Startup_sfxnTab__C 
*          0    00000558    00000004     
                  00000558    00000004     app_ble_pem3.oem3 (.const:xdc_runtime_Startup_sfxnTab__C)

.const:xdc_runtime_Startup_startModsFxn__C 
*          0    0000055c    00000004     
                  0000055c    00000004     app_ble_pem3.oem3 (.const:xdc_runtime_Startup_startModsFxn__C)

.const:xdc_runtime_SysCallback_abortFxn__C 
*          0    00000560    00000004     
                  00000560    00000004     app_ble_pem3.oem3 (.const:xdc_runtime_SysCallback_abortFxn__C)

.const:xdc_runtime_SysCallback_exitFxn__C 
*          0    00000564    00000004     
                  00000564    00000004     app_ble_pem3.oem3 (.const:xdc_runtime_SysCallback_exitFxn__C)

.const:xdc_runtime_System_abortFxn__C 
*          0    00000568    00000004     
                  00000568    00000004     app_ble_pem3.oem3 (.const:xdc_runtime_System_abortFxn__C)

.const:xdc_runtime_System_exitFxn__C 
*          0    0000056c    00000004     
                  0000056c    00000004     app_ble_pem3.oem3 (.const:xdc_runtime_System_exitFxn__C)

.const:xdc_runtime_System_maxAtexitHandlers__C 
*          0    00000570    00000004     
                  00000570    00000004     app_ble_pem3.oem3 (.const:xdc_runtime_System_maxAtexitHandlers__C)

.const:xdc_runtime_Text_charTab__C 
*          0    00000574    00000004     
                  00000574    00000004     app_ble_pem3.oem3 (.const:xdc_runtime_Text_charTab__C)

.const:xdc_runtime_Text_nameEmpty__C 
*          0    00000578    00000004     
                  00000578    00000004     app_ble_pem3.oem3 (.const:xdc_runtime_Text_nameEmpty__C)

.const:xdc_runtime_Text_nameStatic__C 
*          0    0000057c    00000004     
                  0000057c    00000004     app_ble_pem3.oem3 (.const:xdc_runtime_Text_nameStatic__C)

.const:xdc_runtime_Text_nameUnknown__C 
*          0    00000580    00000004     
                  00000580    00000004     app_ble_pem3.oem3 (.const:xdc_runtime_Text_nameUnknown__C)

.const:xdc_runtime_Main_Module__id__C 
*          0    00000584    00000002     
                  00000584    00000002     app_ble_pem3.oem3 (.const:xdc_runtime_Main_Module__id__C)

.const:xdc_runtime_Memory_Module__id__C 
*          0    00000586    00000002     
                  00000586    00000002     app_ble_pem3.oem3 (.const:xdc_runtime_Memory_Module__id__C)

.const:xdc_runtime_Text_charCnt__C 
*          0    00000588    00000002     
                  00000588    00000002     app_ble_pem3.oem3 (.const:xdc_runtime_Text_charCnt__C)

.const:xdc_runtime_Text_isLoaded__C 
*          0    0000058a    00000002     
                  0000058a    00000002     app_ble_pem3.oem3 (.const:xdc_runtime_Text_isLoaded__C)

.const:xdc_runtime_Error_policy__C 
*          0    0000058c    00000001     
                  0000058c    00000001     app_ble_pem3.oem3 (.const:xdc_runtime_Error_policy__C)

.const:ti_sysbios_rom_ROM_AONRTCChannelEnable 
*          0    00000590    00000004     
                  00000590    00000004     app_ble_pem3.oem3 (.const:ti_sysbios_rom_ROM_AONRTCChannelEnable)

.const:ti_sysbios_rom_ROM_AONRTCCompareValueSet 
*          0    00000594    00000004     
                  00000594    00000004     app_ble_pem3.oem3 (.const:ti_sysbios_rom_ROM_AONRTCCompareValueSet)

.const:ti_sysbios_rom_ROM_AONRTCCurrentCompareValueGet 
*          0    00000598    00000004     
                  00000598    00000004     app_ble_pem3.oem3 (.const:ti_sysbios_rom_ROM_AONRTCCurrentCompareValueGet)

.const:ti_sysbios_rom_ROM_AONRTCEventClear 
*          0    0000059c    00000004     
                  0000059c    00000004     app_ble_pem3.oem3 (.const:ti_sysbios_rom_ROM_AONRTCEventClear)

.const:ti_sysbios_rom_ROM_ti_sysbios_family_arm_cc26xx_Timer_getCount64__E 
*          0    000005a0    00000004     
                  000005a0    00000004     app_ble_pem3.oem3 (.const:ti_sysbios_rom_ROM_ti_sysbios_family_arm_cc26xx_Timer_getCount64__E)

.const:ti_sysbios_rom_ROM_ti_sysbios_family_arm_cc26xx_Timer_getCurrentTick__E 
*          0    000005a4    00000004     
                  000005a4    00000004     app_ble_pem3.oem3 (.const:ti_sysbios_rom_ROM_ti_sysbios_family_arm_cc26xx_Timer_getCurrentTick__E)

.const:ti_sysbios_rom_ROM_ti_sysbios_family_arm_cc26xx_Timer_getMaxTicks__E 
*          0    000005a8    00000004     
                  000005a8    00000004     app_ble_pem3.oem3 (.const:ti_sysbios_rom_ROM_ti_sysbios_family_arm_cc26xx_Timer_getMaxTicks__E)

.const:ti_sysbios_rom_ROM_ti_sysbios_family_arm_cc26xx_Timer_initDevice__I 
*          0    000005ac    00000004     
                  000005ac    00000004     app_ble_pem3.oem3 (.const:ti_sysbios_rom_ROM_ti_sysbios_family_arm_cc26xx_Timer_initDevice__I)

.const:ti_sysbios_rom_ROM_ti_sysbios_family_arm_cc26xx_Timer_setNextTick__E 
*          0    000005b0    00000004     
                  000005b0    00000004     app_ble_pem3.oem3 (.const:ti_sysbios_rom_ROM_ti_sysbios_family_arm_cc26xx_Timer_setNextTick__E)

.const:ti_sysbios_rom_ROM_ti_sysbios_family_arm_cc26xx_Timer_setThreshold__I 
*          0    000005b4    00000004     
                  000005b4    00000004     app_ble_pem3.oem3 (.const:ti_sysbios_rom_ROM_ti_sysbios_family_arm_cc26xx_Timer_setThreshold__I)

.const:ti_sysbios_rom_ROM_ti_sysbios_family_arm_cc26xx_Timer_start__E 
*          0    000005b8    00000004     
                  000005b8    00000004     app_ble_pem3.oem3 (.const:ti_sysbios_rom_ROM_ti_sysbios_family_arm_cc26xx_Timer_start__E)

.const:ti_sysbios_rom_ROM_ti_sysbios_family_arm_cc26xx_TimestampProvider_get32__E 
*          0    000005bc    00000004     
                  000005bc    00000004     app_ble_pem3.oem3 (.const:ti_sysbios_rom_ROM_ti_sysbios_family_arm_cc26xx_TimestampProvider_get32__E)

.const:ti_sysbios_rom_ROM_xdc_runtime_Startup_getState__I 
*          0    000005c0    00000004     
                  000005c0    00000004     app_ble_pem3.oem3 (.const:ti_sysbios_rom_ROM_xdc_runtime_Startup_getState__I)

.const:ti_sysbios_rom_ROM_xdc_runtime_System_SupportProxy_abort__E 
*          0    000005c4    00000004     
                  000005c4    00000004     app_ble_pem3.oem3 (.const:ti_sysbios_rom_ROM_xdc_runtime_System_SupportProxy_abort__E)

.const:ti_sysbios_rom_ROM_xdc_runtime_System_SupportProxy_exit__E 
*          0    000005c8    00000004     
                  000005c8    00000004     app_ble_pem3.oem3 (.const:ti_sysbios_rom_ROM_xdc_runtime_System_SupportProxy_exit__E)

.const:ti_sysbios_gates_GateMutex_Instance_State_sem__O 
*          0    000005cc    00000004     
                  000005cc    00000004     app_ble_pem3.oem3 (.const:ti_sysbios_gates_GateMutex_Instance_State_sem__O)

.const:ti_sysbios_knl_Clock_Module_State_clockQ__O 
*          0    000005d0    00000004     
                  000005d0    00000004     app_ble_pem3.oem3 (.const:ti_sysbios_knl_Clock_Module_State_clockQ__O)

.const:ti_sysbios_knl_Mailbox_Instance_State_dataQue__O 
*          0    000005d4    00000004     
                  000005d4    00000004     app_ble_pem3.oem3 (.const:ti_sysbios_knl_Mailbox_Instance_State_dataQue__O)

.const:ti_sysbios_knl_Mailbox_Instance_State_dataSem__O 
*          0    000005d8    00000004     
                  000005d8    00000004     app_ble_pem3.oem3 (.const:ti_sysbios_knl_Mailbox_Instance_State_dataSem__O)

.const:ti_sysbios_knl_Mailbox_Instance_State_freeQue__O 
*          0    000005dc    00000004     
                  000005dc    00000004     app_ble_pem3.oem3 (.const:ti_sysbios_knl_Mailbox_Instance_State_freeQue__O)

.const:ti_sysbios_knl_Mailbox_Instance_State_freeSem__O 
*          0    000005e0    00000004     
                  000005e0    00000004     app_ble_pem3.oem3 (.const:ti_sysbios_knl_Mailbox_Instance_State_freeSem__O)

.const:ti_sysbios_knl_Semaphore_Instance_State_pendQ__O 
*          0    000005e4    00000004     
                  000005e4    00000004     app_ble_pem3.oem3 (.const:ti_sysbios_knl_Semaphore_Instance_State_pendQ__O)

.const:ti_sysbios_knl_Task_Module_State_inactiveQ__O 
*          0    000005e8    00000004     
                  000005e8    00000004     app_ble_pem3.oem3 (.const:ti_sysbios_knl_Task_Module_State_inactiveQ__O)

.text.4    0    000005ec    000064c8     
                  000005ec    000005cc     peripheral.obj (.text:gapRole_taskFxn$22)
                  00000bb8    00000488     simple_peripheral.obj (.text:SimpleBLEPeripheral_taskFxn$0)
                  00001040    00000450     driverlib.lib : setup.obj (.text:TrimAfterColdResetWakeupFromShutDown$47)
                  00001490    00000318     RFCC26XX_singleMode.obj (.text:fsmActiveState$7)
                  000017a8    00000248     peripheral.obj (.text:GAPRole_SetParameter)
                  000019f0    00000228     drivers_cc26xxware.aem3 : PowerCC26XX.oem3 (.text:Power_sleep)
                  00001c18    00000204     driverlib.lib : sys_ctrl.obj (.text:NOROM_SysCtrlSetRechargeBeforePowerDown)
                  00001e1c    000001f4     rtsv7M3_T_le_eabi.lib : ull_div_t2.obj (.text)
                  00002010    000001d0     drivers_cc26xxware.aem3 : PowerCC26XX_calibrateRCOSC.oem3 (.text:calibrateRcoscHf1)
                  000021e0    000001c8     PINCC26XX.obj (.text:PIN_init)
                  000023a8    000001a8     RFCC26XX_singleMode.obj (.text:abortCmd$7)
                  00002550    00000184     drivers_cc26xxware.aem3 : PowerCC26XX_calibrateRCOSC.oem3 (.text:PowerCC26XX_doCalibrate)
                  000026d4    00000180     RFCC26XX_singleMode.obj (.text:RF_postCmd)
                  00002854    00000170     RFCC26XX_singleMode.obj (.text:fsmSetupState$7)
                  000029c4    00000148     driverlib.lib : setup.obj (.text:NOROM_SetupTrimDevice)
                  00002b0c    00000120     peripheral.obj (.text:GAPRole_GetParameter)
                  00002c2c    0000011c     drivers_cc26xxware.aem3 : PowerCC26XX.oem3 (.text:Power_init)
                  00002d48    0000010c     RFCC26XX_singleMode.obj (.text:hwiFxnCpe0Active$7)
                  00002e54    00000106     icall.obj (.text:ICall_primWaitMatch$14)
                  00002f5a    00000002     RFCC26XX_singleMode.obj (.text:defaultErrCb$7)
                  00002f5c    000000f0     simple_peripheral.obj (.text:SimpleBLEPeripheral_processStateChangeEvt$0)
                  0000304c    000000ec     main.obj (.text:main)
                  00003138    000000ec     RFCC26XX_singleMode.obj (.text:rf_init$7)
                  00003224    000000dc     simple_gatt_profile.obj (.text:simpleProfile_WriteAttrCB$23)
                  00003300    000000d4     drivers_cc26xxware.aem3 : PowerCC26XX.oem3 (.text:Power_releaseDependency)
                  000033d4    000000d0                             : PowerCC26XX.oem3 (.text:Power_setDependency)
                  000034a4    000000cc     RFCC26XX_singleMode.obj (.text:RF_open)
                  00003570    000000bc     power_cc26xx_tirtos.aem3 : PowerCC26XX_tirtos.oem3 (.text:PowerCC26XX_standbyPolicy)
                  0000362c    000000bc     RFCC26XX_singleMode.obj (.text:fsmPowerUpState$7)
                  000036e8    000000b4     RFCC26XX_singleMode.obj (.text:swiFxnHw$7)
                  0000379c    000000b0     PINCC26XX.obj (.text:PINCC26XX_setIoCfg$6)
                  0000384c    000000b0     devinfoservice.obj (.text:devInfo_ReadAttrCB$19)
                  000038fc    000000a0     TRNGCC26XX.obj (.text:TRNGCC26XX_getNumber)
                  0000399c    000000a0     auto_init.aem3 : auto_init.oem3 (.text)
                  00003a3c    0000009c     rtsv7M3_T_le_eabi.lib : memcpy_t2.obj (.text)
                  00003ad8    00000098     RFCC26XX_singleMode.obj (.text:fsmPowerDownState$7)
                  00003b70    00000098     rom_sysbios.aem3 : rom_sysbios.obj (.text:ti_sysbios_knl_Clock_workFuncDynamic__E)
                  00003c08    00000094     icall.obj (.text:ICall_primSetTimer$14)
                  00003c9c    00000090     drivers_cc26xxware.aem3 : PowerCC26XX.oem3 (.text:switchXOSCHFclockFunc)
                  00003d2c    0000008c     gattservapp_util.obj (.text:gattServApp_SendNotiInd$21)
                  00003db8    00000088     driverlib.lib : osc.obj (.text:NOROM_OSCHF_GetStartupTime)
                  00003e40    00000084     icall.obj (.text:ICall_heapMalloc)
                  00003ec4    0000007c     drivers_cc26xxware.aem3 : PowerCC26XX.oem3 (.text:disableLFClockQualifiers)
                  00003f40    0000007c     peripheral.obj (.text:gapRole_startConnUpdate$22)
                  00003fbc    0000007a     rtsv7M3_T_le_eabi.lib : memset_t2.obj (.text)
                  00004036    00000002     drivers_cc26xxware.aem3 : PowerCC26XX.oem3 (.text:emptyClockFunc)
                  00004038    00000078     RFCC26XX_singleMode.obj (.text:RF_pendCmd)
                  000040b0    00000078     simple_peripheral.obj (.text:SimpleBLEPeripheral_enqueueMsg$0)
                  00004128    00000074     icall_cc2650.obj (.text:ICallPlatform_pwrUpdActivityCounter)
                  0000419c    00000074     icall.obj (.text:ICall_primSend$14)
                  00004210    00000074     drivers_cc26xxware.aem3 : PowerCC26XX_calibrateRCOSC.oem3 (.text:PowerCC26XX_auxISR)
                  00004284    00000074                             : PowerCC26XX_calibrateRCOSC.oem3 (.text:calibrateRcoscHf2)
                  000042f8    00000074     rom_sysbios.aem3 : rom_sysbios.obj (.text:ti_sysbios_family_arm_cc26xx_Timer_start__E)
                  0000436c    0000006c     icall.obj (.text:ICall_createRemoteTasks)
                  000043d8    0000006c     drivers_cc26xxware.aem3 : PowerCC26XX.oem3 (.text:PowerCC26XX_calibrate)
                  00004444    00000068     driverlib.lib : sys_ctrl.obj (.text:NOROM_SysCtrl_DCDC_VoltageConditionalControl)
                  000044ac    00000068     rtsv7M3_T_le_eabi.lib : copy_decompress_lzss.obj (.text:decompress:lzss)
                  00004514    00000060     icall.obj (.text:ICall_primEnroll$14)
                  00004574    00000060     drivers_cc26xxware.aem3 : PowerCC26XX_calibrateRCOSC.oem3 (.text:PowerCC26XX_RCOSC_clockFunc)
                  000045d4    00000060                             : PowerCC26XX_calibrateRCOSC.oem3 (.text:updateSubSecInc)
                  00004634    0000005c     icall.obj (.text:ICall_primThreadServes$14)
                  00004690    0000005c     driverlib.lib : osc.obj (.text:NOROM_OSCHF_AttemptToSwitchToXosc)
                  000046ec    0000005c                   : sys_ctrl.obj (.text:NOROM_SysCtrlAdjustRechargeAfterPowerDown)
                  00004748    0000005c     RFCC26XX_singleMode.obj (.text:decActiveClientCnt$7)
                  000047a4    0000005c     simple_gatt_profile.obj (.text:simpleProfile_ReadAttrCB$23)
                  00004800    0000005c     app_ble_pem3.oem3 (.text:xdc_runtime_Startup_getState__I)
                  0000485c    00000058     drivers_cc26xxware.aem3 : PowerCC26XX_calibrateRCOSC.oem3 (.text:PowerCC26XX_initiateCalibration)
                  000048b4    00000058     RFCC26XX_singleMode.obj (.text:RF_getCurrentTime)
                  0000490c    00000054     icall.obj (.text:ICall_primFetchMsg$14)
                  00004960    00000054     drivers_cc26xxware.aem3 : PowerCC26XX.oem3 (.text:configureXOSCHF)
                  000049b4    00000054     RFCC26XX_singleMode.obj (.text:fsmXOSCState$7)
                  00004a08    00000054     RFCC26XX_singleMode.obj (.text:hwiFxnHw$7)
                  00004a5c    00000054     RFCC26XX_singleMode.obj (.text:ratChanFree$7)
                  00004ab0    00000054     rtsv7M3_T_le_eabi.lib : exit.obj (.text)
                  00004b04    00000052     icall.obj (.text:ICall_primWait$14)
                  00004b56    00000002     rom_sysbios.aem3 : rom_sysbios.obj (.text:ti_sysbios_BIOS_linkedWithIncorrectBootLibrary__E)
                  00004b58    00000050     icall_api.obj (.text:GAP_UpdateAdvertisingData)
                  00004ba8    00000050     icall.obj (.text:ICall_primRegisterApp$14)
                  00004bf8    00000050     RFCC26XX_singleMode.obj (.text:RF_getInfo)
                  00004c48    0000004c     icall.obj (.text:ICall_newTask$14)
                  00004c94    0000004c     icall.obj (.text:ICall_primGetEntityId$14)
                  00004ce0    0000004c     driverlib.lib : osc.obj (.text:NOROM_OSCClockSourceSet)
                  00004d2c    0000004c     RFCC26XX_singleMode.obj (.text:dispatchOpWhen$7)
                  00004d78    0000004c     rtsv7M3_T_le_eabi.lib : cpy_tbl.obj (.text)
                  00004dc4    0000004c     RFCC26XX_singleMode.obj (.text:syncCb$7)
                  00004e10    00000048     peripheral.obj (.text:GAPRole_TerminateConnection)
                  00004e58    00000048     driverlib.lib : chipinfo.obj (.text:NOROM_ChipInfo_GetChipFamily)
                  00004ea0    00000048                   : ddi.obj (.text:NOROM_DDI16BitfieldWrite)
                  00004ee8    00000048     util.obj (.text:Util_constructClock)
                  00004f30    00000048     icall_api.obj (.text:gattIndNoti$17)
                  00004f78    00000048     drivers_cc26xxware.aem3 : PowerCC26XX.oem3 (.text:notify)
                  00004fc0    00000044     main.obj (.text:AssertHandler)
                  00005004    00000044     PINCC26XX.obj (.text:PIN_swi$6)
                  00005048    00000044     simple_gatt_profile.obj (.text:SimpleProfile_GetParameter)
                  0000508c    00000044     boot.aem3 : boot.oem3 (.text)
                  000050d0    00000044     icall_api.obj (.text:gapSendParamAndPtrCmd$17)
                  00005114    00000042     icall.obj (.text:ICall_primCreateTask$14)
                  00005156    00000002     app_ble_pem3.oem3 (.text:ti_sysbios_BIOS_nullFunc__I)
                  00005158    00000040     peripheral.obj (.text:GAPRole_createTask)
                  00005198    00000040     driverlib.lib : ddi.obj (.text:NOROM_DDI16BitfieldRead)
                  000051d8    00000040     RFCC26XX_singleMode.obj (.text:RF_getRssi)
                  00005218    0000003e     icall_api.obj (.text:hciSendParamsCmd$17)
                  00005256    00000002     rom_sysbios.aem3 : rom_sysbios.obj (.text:ti_sysbios_knl_Clock_triggerFunc__I)
                  00005258    0000003c     icall_api.obj (.text:GAP_GetParamValue)
                  00005294    0000003c     icall_api.obj (.text:GATTServApp_RegisterService)
                  000052d0    0000003c     icall_cc2650.obj (.text:ICallPlatform_pwrConfigACAction)
                  0000530c    0000003c     icall.obj (.text:ICall_primFetchServiceMsg$14)
                  00005348    0000003c     driverlib.lib : osc.obj (.text:NOROM_OSC_HPOSCRelativeFrequencyOffsetGet)
                  00005384    0000003c     simple_peripheral.obj (.text:SimpleBLEPeripheral_createTask)
                  000053c0    0000003c     RFCC26XX_singleMode.obj (.text:postDirImmCmd$7)
                  000053fc    0000003c     icall_api.obj (.text:profileSetParameter$17)
                  00005438    0000003c     icall_api.obj (.text:sendWaitMatchCS$17)
                  00005474    0000003c     icall_api.obj (.text:sendWaitMatchValueCS$17)
                  000054b0    00000038     icall.obj (.text:ICall_primGetMaxMSecs$14)
                  000054e8    00000038     util.obj (.text:Util_restartClock)
                  00005520    00000038     rom_sysbios.aem3 : rom_sysbios.obj (.text:ti_sysbios_family_arm_cc26xx_Timer_getCurrentTick__E)
                  00005558    00000036     icall_api.obj (.text:waitMatchCS$17)
                  0000558e    00000002     app_ble_pem3.oem3 (.text:ti_sysbios_rom_cortexm_cc26xx_CC26xx_badRomRevision__E)
                  00005590    00000034     icall_api.obj (.text:GAPBondMgr_SetParameter)
                  000055c4    00000034     icall_api.obj (.text:GAP_SetParamValue)
                  000055f8    00000034     icall.obj (.text:ICall_primEntityId2ServiceId$14)
                  0000562c    00000034     icall.obj (.text:ICall_primRegisterISR$14)
                  00005660    00000034     icall.obj (.text:ICall_primRegisterISR_Ext$14)
                  00005694    00000034     icall.obj (.text:ICall_searchServiceEntity)
                  000056c8    00000034     driverlib.lib : ddi.obj (.text:NOROM_DDI32RegWrite)
                  000056fc    00000034                   : osc.obj (.text:NOROM_OSCHF_SwitchToRcOscTurnOffXosc)
                  00005730    00000034     drivers_cc26xxware.aem3 : PowerCC26XX.oem3 (.text:PowerCC26XX_isStableXOSC_HF)
                  00005764    00000034     RFCC26XX_singleMode.obj (.text:Q_push$7)
                  00005798    00000034     RFCC26XX_singleMode.obj (.text:RF_runCmd)
                  000057cc    00000034     icall_api.obj (.text:osal_snv_read)
                  00005800    00000034     icall_api.obj (.text:osal_snv_write)
                  00005834    00000034     icall_api.obj (.text:profileAddService$17)
                  00005868    00000034     icall_api.obj (.text:registerTask$17)
                  0000589c    00000034     rom_sysbios.aem3 : rom_sysbios.obj (.text:ti_sysbios_family_arm_cc26xx_Timer_initDevice__I)
                  000058d0    00000032     icall_api.obj (.text:gapSendParamsCmd$17)
                  00005902    00000032     icall_api.obj (.text:gapSendPtrParamsCmd$17)
                  00005934    00000032     icall_api.obj (.text:matchGapSetGetParamCS$17)
                  00005966    00000032     icall_api.obj (.text:matchGattCmdStatus$17)
                  00005998    00000032     icall_api.obj (.text:matchUtilNvCS$17)
                  000059ca    00000032     rom_sysbios.aem3 : rom_sysbios.obj (.text:ti_sysbios_family_arm_cc26xx_Timer_setNextTick__E)
                  000059fc    00000030     icall_cc2650.obj (.text:ICallPlatform_pwrNotify$15)
                  00005a2c    00000030     icall_cc2650.obj (.text:ICallPlatform_pwrRegisterNotify)
                  00005a5c    00000030     icall.obj (.text:ICall_dispatch$14)
                  00005a8c    00000030     icall.obj (.text:ICall_msecs2Ticks$14)
                  00005abc    00000030     icall.obj (.text:ICall_searchTask$14)
                  00005aec    00000030     driverlib.lib : setup.obj (.text:NOROM_SetupSetAonRtcSubSecInc)
                  00005b1c    00000030                   : trng.obj (.text:NOROM_TRNGConfigure)
                  00005b4c    00000030     drivers_cc26xxware.aem3 : PowerCC26XX.oem3 (.text:Power_releaseConstraint)
                  00005b7c    00000030                             : PowerCC26XX.oem3 (.text:Power_setConstraint)
                  00005bac    00000030     app_ble_pem3.oem3 (.text:ti_sysbios_BIOS_atExitFunc__I)
                  00005bdc    00000030     app_ble_pem3.oem3 (.text:ti_sysbios_BIOS_startFunc__I)
                  00005c0c    00000030     rom_sysbios.aem3 : rom_sysbios.obj (.text:ti_sysbios_family_arm_cc26xx_Timer_setThreshold__I)
                  00005c3c    0000002e     icall_cc2650.obj (.text:ICallPlatform_pwrDispenseImpl$15)
                  00005c6a    0000002e     icall_cc2650.obj (.text:ICallPlatform_pwrRequireImpl$15)
                  00005c98    0000002c     icall_api.obj (.text:HCI_EXT_ConnEventNoticeCmd)
                  00005cc4    0000002c     icall.obj (.text:ICall_heapFree)
                  00005cf0    0000002c     icall.obj (.text:ICall_msgEnqueue$14)
                  00005d1c    0000002c     icall.obj (.text:ICall_primAllocMsg$14)
                  00005d48    0000002c     icall_api.obj (.text:ICall_sendServiceMsg$17)
                  00005d74    0000002c     simple_peripheral.obj (.text:SimpleBLEPeripheral_freeAttRsp$0)
                  00005da0    0000002c     RFCC26XX_singleMode.obj (.text:getCmd$7)
                  00005dcc    0000002c     icall_api.obj (.text:hciSendCmd$17)
                  00005df8    0000002c     icall_api.obj (.text:matchProfileAddServiceCS$17)
                  00005e24    0000002c     rom_sysbios.aem3 : rom_sysbios.obj (.text:ti_sysbios_knl_Clock_getTicksUntilInterrupt__E)
                  00005e50    0000002a     icall_api.obj (.text:ICall_waitMatch$17)
                  00005e7a    0000002a     icall_api.obj (.text:matchProfileCS$17)
                  00005ea4    00000028     driverlib.lib : aon_batmon.obj (.text:NOROM_AONBatMonTemperatureGetDegC)
                  00005ecc    00000028                   : rfc.obj (.text:NOROM_RFCDoorbellSendTo)
                  00005ef4    00000028     drivers_cc26xxware.aem3 : PowerCC26XX.oem3 (.text:PowerCC26XX_switchXOSC_HF)
                  00005f1c    00000028                             : PowerCC26XX.oem3 (.text:Power_registerNotify)
                  00005f44    00000028     driverlib.lib : adi.obj (.text:SafeHapiVoid)
                  00005f6c    00000028     TRNGCC26XX.obj (.text:TRNGCC26XX_init)
                  00005f94    00000028     RFCC26XX_singleMode.obj (.text:clkPowerUpFxn$7)
                  00005fbc    00000026     drivers_cc26xxware.aem3 : List.oem3 (.text:List_put)
                  00005fe2    00000024     icall_api.obj (.text:ICall_getLocalMsgEntityId$17)
                  00006006    00000002     rom_sysbios.aem3 : rom_sysbios.obj (.text:xdc_runtime_SysCallback_defaultAbort)
                  00006008    00000024     drivers_cc26xxware.aem3 : PowerCC26XX_calibrateRCOSC.oem3 (.text:getTdcSemaphore)
                  0000602c    00000024     RFCC26XX_singleMode.obj (.text:hwiFxnCpe0PowerFsm$7)
                  00006050    00000024     app_ble_pem3.oem3 (.text:ti_sysbios_BIOS_registerRTSLock__I)
                  00006074    00000024     app_ble_pem3.oem3 (.text:ti_sysbios_BIOS_removeRTSLock__I)
                  00006098    00000024     rom_sysbios.aem3 : rom_sysbios.obj (.text:ti_sysbios_family_arm_cc26xx_Timer_getMaxTicks__E)
                  000060bc    00000020     icall_api.obj (.text:ICall_allocMsg$17)
                  000060dc    00000020     icall_api.obj (.text:ICall_getEntityId$17)
                  000060fc    00000020     icall.obj (.text:ICall_primService$14)
                  0000611c    00000020     gattservapp_util.obj (.text:gattServApp_FindCharCfgItem$21)
                  0000613c    00000020     app_ble_pem3.oem3 (.text:ti_sysbios_BIOS_rtsLock__I)
                  0000615c    00000020     rom_sysbios.aem3 : rom_sysbios.obj (.text:ti_sysbios_family_arm_cc26xx_Timer_dynamicStub__E)
                  0000617c    00000020                      : rom_sysbios.obj (.text:ti_sysbios_knl_Clock_stop__E)
                  0000619c    0000001e     icall.obj (.text:ICall_primSendServiceMsg$14)
                  000061ba    0000001e     drivers_cc26xxware.aem3 : PowerCC26XX.oem3 (.text:Power_getTransitionLatency)
                  000061d8    0000001e     icall_api.obj (.text:matchHciCS$17)
                  000061f6    00000002     rom_sysbios.aem3 : rom_sysbios.obj (.text:xdc_runtime_SysCallback_defaultExit)
                  000061f8    0000001c     driverlib.lib : osc.obj (.text:NOROM_OSCClockSourceGet)
                  00006214    0000001c     PINCC26XX.obj (.text:PINCC26XX_setIoCfgMux$6)
                  00006230    0000001c     PINCC26XX.obj (.text:PIN_hwi$6)
                  0000624c    0000001c     RFCC26XX_singleMode.obj (.text:RF_runDirectCmd)
                  00006268    0000001c     RFCC26XX_singleMode.obj (.text:RF_runImmediateCmd)
                  00006284    0000001c     TRNGCC26XX.obj (.text:TRNGCC26XX_open)
                  000062a0    0000001c     icall_api.obj (.text:getStatusValueFromErrNo$17)
                  000062bc    0000001c     TRNGCC26XX.obj (.text:openTRNG)
                  000062d8    0000001a     icall.obj (.text:ICall_enterCSImpl)
                  000062f2    0000001a     icall.obj (.text:ICall_primSetTimerMSecs$14)
                  0000630c    0000001a     icall_api.obj (.text:matchGattIndNotiCS$17)
                  00006326    00000002     --HOLE-- [fill = 0]
                  00006328    00000018     icall_api.obj (.text:GATT_bm_free)
                  00006340    00000018     icall_cc2650.obj (.text:ICallPlatform_pwrDispense)
                  00006358    00000018     icall_cc2650.obj (.text:ICallPlatform_pwrRequire)
                  00006370    00000018     util.obj (.text:ICall_free$1)
                  00006388    00000018     simple_peripheral.obj (.text:ICall_freeMsg$0)
                  000063a0    00000018     icall_api.obj (.text:ICall_freeMsg$17)
                  000063b8    00000018     icall.obj (.text:ICall_primMalloc$14)
                  000063d0    00000018     driverlib.lib : aon_rtc.obj (.text:NOROM_AONRTCCurrentCompareValueGet)
                  000063e8    00000018                   : chipinfo.obj (.text:NOROM_ChipInfo_GetPackageType)
                  00006400    00000018                   : osc.obj (.text:NOROM_OSCHF_TurnOnXosc)
                  00006418    00000018                   : rfc.obj (.text:NOROM_RFCCpeIntGetAndClear)
                  00006430    00000018     drivers_cc26xxware.aem3 : PowerCC26XX.oem3 (.text:Power_idleFunc)
                  00006448    00000018     RFCC26XX_singleMode.obj (.text:Q_pop$7)
                  00006460    00000018     drivers_cc26xxware.aem3 : PowerCC26XX.oem3 (.text:configureRFCoreClocks)
                  00006478    00000018     peripheral.obj (.text:gapRole_setEvent$22)
                  00006490    00000018     rtsv7M3_T_le_eabi.lib : args_main.obj (.text)
                  000064a8    00000018                           : ll_mul_t2.obj (.text)
                  000064c0    00000018     RFCC26XX_singleMode.obj (.text:swiFxnFsm$7)
                  000064d8    00000018     app_ble_pem3.oem3 (.text:ti_sysbios_BIOS_rtsUnlock__I)
                  000064f0    00000018     rom_sysbios.aem3 : rom_sysbios.obj (.text:ti_sysbios_knl_Swi_or__E)
                  00006508    00000018     app_ble_pem3.oem3 (.text:ti_sysbios_rom_cortexm_cc26xx_CC26xx_checkRevision__E)
                  00006520    00000016     icall.obj (.text:ICall_leaveCSImpl)
                  00006536    00000016     icall.obj (.text:ICall_primStopTimer$14)
                  0000654c    00000016     ble_user_config.obj (.text:driverTable_fnSpinlock)
                  00006562    00000016     app_ble_pem3.oem3 (.text:ti_sysbios_BIOS_exitFunc__I)
                  00006578    00000014     driverlib.lib : aon_rtc.obj (.text:NOROM_AONRTCCurrent64BitValueGet)
                  0000658c    00000014     simple_peripheral.obj (.text:SimpleBLEPeripheral_clockHandler$0)
                  000065a0    00000014     rtsv7M3_T_le_eabi.lib : _lock.obj (.text)
                  000065b4    00000014                           : strlen.obj (.text)
                  000065c8    00000014     icall_api.obj (.text:setICallCmdEvtHdr$17)
                  000065dc    00000014     app_ble_pem3.oem3 (.text:ti_sysbios_knl_Clock_doTick__I)
                  000065f0    00000012     RFCC26XX_singleMode.obj (.text:RF_getCmdOp)
                  00006602    00000012     app_ble_pem3.oem3 (.text:xdc_runtime_Startup_exec__I)
                  00006614    00000010     icall_api.obj (.text:GAP_EndDiscoverable)
                  00006624    00000010     icall_cc2650.obj (.text:ICallPlatform_pwrGetXOSCStartupTime)
                  00006634    00000010     icall.obj (.text:ICall_primGetTickPeriod$14)
                  00006644    00000010     icall.obj (.text:ICall_taskEntry$14)
                  00006654    00000010     util.obj (.text:Util_isActive)
                  00006664    00000010     rom_sysbios.aem3 : rom_sysbios.obj (.text:ti_sysbios_family_arm_m3_Hwi_post__E)
                  00006674    0000000e     icall_cc2650.obj (.text:ICallPlatform_pwrGetTransitionState)
                  00006682    0000000e     icall_cc2650.obj (.text:ICallPlatform_pwrIsStableXOSCHF)
                  00006690    0000000e     icall.obj (.text:ICall_primDisableMInt$14)
                  0000669e    0000000e     icall.obj (.text:ICall_primEnableMInt$14)
                  000066ac    0000000e     icall.obj (.text:ICall_primFreeMsg$14)
                  000066ba    0000000e     icall.obj (.text:ICall_primGetTicks$14)
                  000066c8    0000000e     driverlib.lib : setup.obj (.text:NOROM_SetupSignExtendVddrTrimValue)
                  000066d6    0000000e                   : vims.obj (.text:NOROM_VIMSModeGet)
                  000066e4    0000000e     rtsv7M3_T_le_eabi.lib : copy_decompress_none.obj (.text:decompress:none)
                  000066f2    0000000e     icall_api.obj (.text:matchGSARegisterServiceCS$17)
                  00006700    0000000e     icall_api.obj (.text:matchGapLinkEstCS$17)
                  0000670e    0000000e     icall_api.obj (.text:matchGattSendRspCS$17)
                  0000671c    0000000e     icall_api.obj (.text:matchLinkDBGetInfoCS$17)
                  0000672a    0000000e     icall_api.obj (.text:matchLinkDBNumActiveCS$17)
                  00006738    0000000e     icall_api.obj (.text:matchLinkDBNumConnsCS$17)
                  00006746    0000000e     icall_api.obj (.text:setDispatchCmdEvtHdr$17)
                  00006754    0000000e     rom_sysbios.aem3 : rom_sysbios.obj (.text:ti_sysbios_family_arm_cc26xx_TimestampProvider_get32__E)
                  00006762    00000002     --HOLE-- [fill = 0]
                  00006764    0000000c     RFCC26XX_singleMode.obj (.text:FsmNextState$7)
                  00006770    0000000c     icall.obj (.text:ICall_clockFunc$14)
                  0000677c    0000000c     icall.obj (.text:ICall_primDisableInt$14)
                  00006788    0000000c     icall.obj (.text:ICall_primEnableInt$14)
                  00006794    0000000c     icall.obj (.text:ICall_primFree$14)
                  000067a0    0000000c     icall.obj (.text:ICall_primSignal$14)
                  000067ac    0000000c     driverlib.lib : cpu.obj (.text:NOROM_CPUcpsid)
                  000067b8    0000000c                   : cpu.obj (.text:NOROM_CPUcpsie)
                  000067c4    0000000c     drivers_cc26xxware.aem3 : PowerCC26XX.oem3 (.text:Power_getConstraintMask)
                  000067d0    0000000c                             : PowerCC26XX.oem3 (.text:Power_getDependencyCount)
                  000067dc    0000000c                             : PowerCC26XX.oem3 (.text:Power_getTransitionState)
                  000067e8    0000000c     util.obj (.text:Util_startClock)
                  000067f4    0000000c     rtsv7M3_T_le_eabi.lib : copy_zero_init.obj (.text:decompress:ZI)
                  00006800    0000000c     icall_api.obj (.text:matchProfileSetParamCS$17)
                  0000680c    0000000c     rom_sysbios.aem3 : rom_sysbios.obj (.text:ti_sysbios_BIOS_getThreadType__E)
                  00006818    0000000c                      : rom_sysbios_config.obj (.text:ti_sysbios_hal_Hwi_Params__init__S)
                  00006824    0000000c                      : rom_sysbios.obj (.text:ti_sysbios_knl_Swi_getTrigger__E)
                  00006830    0000000c     app_ble_pem3.oem3 (.text:xdc_runtime_Startup_reset__I)
                  0000683c    0000000c     rom_sysbios.aem3 : rom_sysbios.obj (.text:xdc_runtime_Startup_rtsDone__E)
                  00006848    0000000a     icall_cc2650.obj (.text:ICallPlatform_pwrSwitchXOSCHF)
                  00006852    0000000a     icall.obj (.text:ICall_primE2S$14)
                  0000685c    0000000a     drivers_cc26xxware.aem3 : List.oem3 (.text:List_empty)
                  00006866    00000008     RFCC26XX_singleMode.obj (.text:RF_flushCmd)
                  0000686e    00000008     simple_peripheral.obj (.text:SimpleBLEPeripheral_charValueChangeCB$0)
                  00006876    00000008     simple_peripheral.obj (.text:SimpleBLEPeripheral_stateChangeCB$0)
                  0000687e    00000008     icall_api.obj (.text:matchHciExtConnEventNoticeCS$17)
                  00006886    00000008     icall_api.obj (.text:matchHciLeReadMaxDataLenCS$17)
                  0000688e    00000006     RFCC26XX_singleMode.obj (.text:clkInactivityFxn$7)
                  00006894    00000006     icall_api.obj (.text:matchBondMgrSetParamCS$17)
                  0000689a    00000006     icall_api.obj (.text:matchGGSSetParamCS$17)
                  000068a0    00000006     icall_api.obj (.text:matchGapConnParamUpdateReplyCS$17)
                  000068a6    00000006     icall_api.obj (.text:matchGapDeviceInitCS$17)
                  000068ac    00000006     icall_api.obj (.text:matchGapEndDiscoverableCS$17)
                  000068b2    00000006     icall_api.obj (.text:matchGapGetParamCS$17)
                  000068b8    00000006     icall_api.obj (.text:matchGapMakeDiscoverableCS$17)
                  000068be    00000006     icall_api.obj (.text:matchGapSetParamCS$17)
                  000068c4    00000006     icall_api.obj (.text:matchGapTerminateAuthCS$17)
                  000068ca    00000006     icall_api.obj (.text:matchGapTerminateLinkReqCS$17)
                  000068d0    00000006     icall_api.obj (.text:matchGapUpdateAdvDataCS$17)
                  000068d6    00000006     icall_api.obj (.text:matchGapUpdateLinkParamReqCS$17)
                  000068dc    00000006     icall_api.obj (.text:matchUtilNvReadCS$17)
                  000068e2    00000006     icall_api.obj (.text:matchUtilNvWriteCS$17)
                  000068e8    00000006     rom_sysbios.aem3 : rom_sysbios.obj (.text:ti_sysbios_family_arm_m3_Hwi_setFunc__E)
                  000068ee    00000004     tirtosport.aem3 : HwiP_tirtos.oem3 (.text:HwiP_disable)
                  000068f2    00000004     drivers_cc26xxware.aem3 : List.oem3 (.text:List_next)
                  000068f6    00000004     RFCC26XX_singleMode.obj (.text:Q_peek$7)
                  000068fa    00000004     util.obj (.text:Util_stopClock)
                  000068fe    00000004     drivers_cc26xxware.aem3 : PowerCC26XX.oem3 (.text:nopResourceHandler)
                  00006902    00000004     rom_sysbios.aem3 : rom_sysbios.obj (.text:ti_sysbios_family_arm_cc26xx_Timer_getCount64__E)
                  00006906    00000004                      : rom_sysbios.obj (.text:ti_sysbios_knl_Clock_isActive__E)
                  0000690a    00000002     --HOLE-- [fill = 0]
                  0000690c    00000008     (.tramp.xdc_runtime_Core_assignParams__I.1)
                  00006914    00000008     (.tramp.ti_sysbios_hal_Hwi_enableInterrupt__E.1)
                  0000691c    00000008     (.tramp.ti_sysbios_hal_Hwi_disableInterrupt__E.1)
                  00006924    00000008     (.tramp.ti_sysbios_knl_Task_enable__E.1)
                  0000692c    00000008     (.tramp.ti_sysbios_family_arm_m3_Hwi_enableFxn__E.1)
                  00006934    00000008     (.tramp.xdc_runtime_Startup_startMods__I.1)
                  0000693c    00000008     (.tramp.ti_sysbios_knl_Clock_logTick__E.1)
                  00006944    00000008     (.tramp.ti_sysbios_knl_Swi_post__E.1)
                  0000694c    00000008     (.tramp.ti_sysbios_BIOS_RtsGateProxy_leave__E.1)
                  00006954    00000008     (.tramp.ti_sysbios_BIOS_RtsGateProxy_enter__E.1)
                  0000695c    00000008     (.tramp.ti_sysbios_knl_Task_startup__E.1)
                  00006964    00000008     (.tramp.ti_sysbios_knl_Swi_startup__E.1)
                  0000696c    00000008     (.tramp.ti_sysbios_hal_Hwi_startup__E.1)
                  00006974    00000008     (.tramp.ti_sysbios_family_arm_cc26xx_Timer_startup__E.1)
                  0000697c    00000008     (.tramp.xdc_runtime_System_atexit__E.1)
                  00006984    00000008     (.tramp.ti_sysbios_BIOS_setThreadType__E.1)
                  0000698c    00000008     (.tramp.ti_sysbios_hal_Hwi_create.1)
                  00006994    00000008     (.tramp.ti_sysbios_knl_Task_construct.1)
                  0000699c    00000008     (.tramp.xdc_runtime_System_exit__E.1)
                  000069a4    00000008     (.tramp.ti_sysbios_knl_Semaphore_create.1)
                  000069ac    00000008     (.tramp.ti_sysbios_knl_Task_create.1)
                  000069b4    00000008     (.tramp.ti_sysbios_knl_Task_Params__init__S.1)
                  000069bc    00000008     (.tramp.ti_sysbios_knl_Queue_put__E.1)
                  000069c4    00000008     (.tramp.ti_sysbios_knl_Clock_create.1)
                  000069cc    00000008     (.tramp.ti_sysbios_knl_Clock_scheduleNextTick__E.1)
                  000069d4    00000008     (.tramp.ti_sysbios_knl_Clock_walkQueueDynamic__E.1)
                  000069dc    00000008     (.tramp.ti_sysbios_knl_Clock_TimerProxy_getCurrentTick__E.1)
                  000069e4    00000008     (.tramp.ti_sysbios_family_arm_m3_Hwi_enableInterrupt__E.1)
                  000069ec    00000008     (.tramp.ti_sysbios_BIOS_start__E.1)
                  000069f4    00000008     (.tramp.ti_sysbios_knl_Semaphore_post__E.1)
                  000069fc    00000008     (.tramp.ti_sysbios_knl_Semaphore_pend__E.1)
                  00006a04    00000008     (.tramp.ti_sysbios_knl_Clock_getTicks__E.1)
                  00006a0c    00000008     (.tramp.ti_sysbios_knl_Task_self__E.1)
                  00006a14    00000008     (.tramp.ti_sysbios_knl_Clock_construct.1)
                  00006a1c    00000008     (.tramp.ti_sysbios_knl_Clock_Params__init__S.1)
                  00006a24    00000008     (.tramp.xdc_runtime_System_abortSpin__E.1)
                  00006a2c    00000008     (.tramp.ti_sysbios_knl_Swi_construct.1)
                  00006a34    00000008     (.tramp.ti_sysbios_knl_Swi_Params__init__S.1)
                  00006a3c    00000008     (.tramp.ti_sysbios_family_arm_m3_Hwi_construct.1)
                  00006a44    00000008     (.tramp.ti_sysbios_family_arm_m3_Hwi_Params__init__S.1)
                  00006a4c    00000008     (.tramp.ti_sysbios_knl_Semaphore_construct.1)
                  00006a54    00000008     (.tramp.ti_sysbios_knl_Semaphore_Params__init__S.1)
                  00006a5c    00000008     (.tramp.ti_sysbios_knl_Task_restore__E.1)
                  00006a64    00000008     (.tramp.ti_sysbios_knl_Swi_restore__E.1)
                  00006a6c    00000008     (.tramp.ti_sysbios_knl_Swi_disable__E.1)
                  00006a74    00000008     (.tramp.ti_sysbios_knl_Task_disable__E.1)
                  00006a7c    00000008     (.tramp.ti_sysbios_knl_Clock_start__E.1)
                  00006a84    00000008     (.tramp.ti_sysbios_knl_Clock_setTimeout__E.1)
                  00006a8c    00000008     (.tramp.ti_sysbios_family_arm_m3_Hwi_restoreFxn__E.1)
                  00006a94    00000008     (.tramp.ti_sysbios_family_arm_m3_Hwi_disableFxn__E.1)
                  00006a9c    00000008     (.tramp.ti_sysbios_knl_Queue_empty__E.1)
                  00006aa4    00000008     (.tramp.ti_sysbios_knl_Queue_get__E.1)
                  00006aac    00000008     (.tramp.ti_sysbios_knl_Queue_construct.1)

.const     0    00006ab4    00000316     
                  00006ab4    000000cc     icall.obj (.const:$O8$$)
                  00006b80    0000004c     drivers_cc26xxware.aem3 : PowerCC26XX.oem3 (.const:resourceDB)
                  00006bcc    0000004c     ble_user_config.obj (.const:rfDriverTable)
                  00006c18    00000048     app_ble_pem3.oem3 (.const:.string)
                  00006c60    0000002c     gatt_uuid.obj (.const:$O14$$)
                  00006c8c    0000002c     board.obj (.const:BoardGpioInitTable)
                  00006cb8    00000027     ble_user_config.obj (.const:txPowerTable)
                  00006cdf    00000001     app_ble_pem3.oem3 (.const:xdc_runtime_Text_charTab__A)
                  00006ce0    00000024     app_ble_pem3.oem3 (.const:xdc_runtime_Startup_sfxnTab__A)
                  00006d04    00000014     RFCC26XX_singleMode.obj (.const:RF_defaultParams$7)
                  00006d18    00000012     app_ble_pem3.oem3 (.const:xdc_runtime_Startup_sfxnRts__A)
                  00006d2a    00000002     devinfoservice.obj (.const:.string:devInfo11073CertUUID)
                  00006d2c    00000010     board.obj (.const:PowerCC26XX_config)
                  00006d3c    00000010     board.obj (.const:TRNGCC26XX_config)
                  00006d4c    0000000c     devinfoservice.obj (.const:devInfoCBs)
                  00006d58    0000000c     simple_gatt_profile.obj (.const:simpleProfileCBs)
                  00006d64    0000000c     ble_user_config.obj (.const:trngDriverTable)
                  00006d70    0000000c     app_ble_pem3.oem3 (.const:xdc_runtime_Startup_firstFxns__A)
                  00006d7c    00000008     devinfoservice.obj (.const:devInfoService$19)
                  00006d84    00000008     simple_gatt_profile.obj (.const:simpleProfileService$23)
                  00006d8c    00000006     ble_user_config.obj (.const:txPwrTbl)
                  00006d92    00000005     simple_peripheral.obj (.const:.string:$P$T0$1$0)
                  00006d97    00000001     --HOLE-- [fill = 0]
                  00006d98    00000004     board.obj (.const:TRNGCC26XXHWAttrs)
                  00006d9c    00000004     icall_cc2650.obj (.const:events$1$15)
                  00006da0    00000004     app_ble_pem3.oem3 (.const:ti_sysbios_knl_Clock_tickPeriod__C)
                  00006da4    00000004     app_ble_pem3.oem3 (.const:ti_sysbios_knl_Clock_triggerClock__C)
                  00006da8    00000004     app_ble_pem3.oem3 (.const:ti_sysbios_knl_Idle_funcList__A)
                  00006dac    00000002     devinfoservice.obj (.const:.string:devInfoFirmwareRevUUID)
                  00006dae    00000002     devinfoservice.obj (.const:.string:devInfoHardwareRevUUID)
                  00006db0    00000002     devinfoservice.obj (.const:.string:devInfoMfrNameUUID)
                  00006db2    00000002     devinfoservice.obj (.const:.string:devInfoModelNumberUUID)
                  00006db4    00000002     devinfoservice.obj (.const:.string:devInfoPnpIdUUID)
                  00006db6    00000002     devinfoservice.obj (.const:.string:devInfoSerialNumberUUID)
                  00006db8    00000002     devinfoservice.obj (.const:.string:devInfoServUUID)
                  00006dba    00000002     devinfoservice.obj (.const:.string:devInfoSoftwareRevUUID)
                  00006dbc    00000002     devinfoservice.obj (.const:.string:devInfoSystemIdUUID)
                  00006dbe    00000002     simple_gatt_profile.obj (.const:.string:simpleProfileServUUID)
                  00006dc0    00000002     simple_gatt_profile.obj (.const:.string:simpleProfilechar1UUID)
                  00006dc2    00000002     simple_gatt_profile.obj (.const:.string:simpleProfilechar2UUID)
                  00006dc4    00000002     simple_gatt_profile.obj (.const:.string:simpleProfilechar3UUID)
[...]
1001c2b1  ti_sysbios_knl_Clock_TimerProxy_getPeriod__E                              
1001c2b5  ti_sysbios_knl_Clock_delete                                               
1001c2b9  ti_sysbios_knl_Clock_destruct                                             
1001c2bd  ti_sysbios_knl_Clock_removeI__E                                           
1001c2c1  ti_sysbios_knl_Clock_setTimeout__E                                        
1001c2c5  ti_sysbios_knl_Mailbox_delete                                             
1001c2c9  ti_sysbios_knl_Mailbox_destruct                                           
1001c2cd  ti_sysbios_knl_Queue_delete                                               
1001c2d1  ti_sysbios_knl_Queue_destruct                                             
1001c2d5  ti_sysbios_knl_Queue_head__E                                              
1001c2d9  ti_sysbios_knl_Queue_next__E                                              
1001c2dd  ti_sysbios_knl_Semaphore_delete                                           
1001c2e1  ti_sysbios_knl_Semaphore_destruct                                         
1001c2e5  ti_sysbios_knl_Swi_delete                                                 
1001c2e9  ti_sysbios_knl_Swi_destruct                                               
1001c2ed  ti_sysbios_knl_Swi_postInit__I                                            
1001c2f1  ti_sysbios_knl_Task_SupportProxy_Module__startupDone__S                   
1001c2f5  ti_sysbios_knl_Task_SupportProxy_getStackAlignment__E                     
1001c2f9  ti_sysbios_knl_Task_SupportProxy_start__E                                 
1001c2fd  ti_sysbios_knl_Task_SupportProxy_swap__E                                  
1001c301  ti_sysbios_knl_Task_delete                                                
1001c305  ti_sysbios_knl_Task_destruct                                              
1001c309  ti_sysbios_knl_Task_startup__E                                            
1001c30d  xdc_runtime_Startup_startMods__I                                          
1001c405  xdc_runtime_Core_createObject__I                                          
1001c487  xdc_runtime_Error_policySpin__E                                           
1001c489  xdc_runtime_Memory_alloc__E                                               
1001c4f9  xdc_runtime_Core_deleteObject__I                                          
1001c559  xdc_runtime_Startup_exec__E                                               
1001c5a9  xdc_runtime_Assert_raise__I                                               
1001c5f1  xdc_runtime_Core_assignParams__I                                          
1001c639  xdc_runtime_Core_constructObject__I                                       
1001c681  xdc_runtime_System_atexit__E                                              
1001c6b9  xdc_runtime_System_processAtExit__E                                       
1001c6ed  xdc_runtime_Core_assignLabel__I                                           
1001c71d  xdc_runtime_Text_cordText__E                                              
1001c749  xdc_runtime_System_abort__E                                               
1001c769  xdc_runtime_Error_raiseX__E                                               
1001c785  xdc_runtime_Memory_valloc__E                                              
1001c7a1  xdc_runtime_Core_destructObject__I                                        
1001c7b9  xdc_runtime_Error_check__E                                                
1001c7d1  xdc_runtime_System_exit__E                                                
1001c7e9  xdc_runtime_Text_ropeText__E                                              
1001c801  xdc_runtime_Memory_free__E                                                
1001c811  xdc_runtime_SysCallback_abort__E                                          
1001c821  xdc_runtime_SysCallback_exit__E                                           
1001c831  xdc_runtime_Timestamp_SupportProxy_get32__E                               
1001c831  xdc_runtime_Timestamp_get32__E                                            
1001c841  xdc_runtime_Error_init__E                                                 
1001c84d  xdc_runtime_Memory_calloc__E                                              
1001c859  xdc_runtime_Memory_getMaxDefaultTypeAlign__E                              
1001c879  xdc_runtime_Gate_leaveSystem__E                                           
1001c87f  xdc_runtime_System_Module_startup__E                                      
1001c885  xdc_runtime_Gate_enterSystem__E                                           
1001c889  xdc_runtime_Memory_HeapProxy_alloc__E                                     
1001c88d  xdc_runtime_Memory_HeapProxy_free__E                                      
1001c891  xdc_runtime_System_Module_GateProxy_enter__E                              
1001c895  xdc_runtime_System_Module_GateProxy_leave__E                              
1001c899  xdc_runtime_System_abortSpin__E                                           
1001c89b  xdc_runtime_System_exitSpin__E                                            
1001c89d  ti_sysbios_family_arm_m3_Hwi_dispatch__I                                  
1001c96d  ti_sysbios_family_arm_m3_TaskSupport_buildTaskStack                       
1001c9b9  ti_sysbios_family_arm_m3_Hwi_initStacks__E                                
1001ca01  ti_sysbios_family_arm_m3_Hwi_excHandlerAsm__I                             
1001ca21  ti_sysbios_family_xxx_Hwi_switchAndRunFunc                                
1001ca3f  ti_sysbios_family_arm_m3_Hwi_pendSV__I                                    
1001ca57  ti_sysbios_family_arm_m3_Hwi_return                                       
1001ca59  ti_sysbios_family_arm_m3_TaskSupport_glue                                 
1001ca69  ti_sysbios_family_arm_m3_TaskSupport_swap__E                              
1001ca71  ti_sysbios_knl_Task_swapReturn                                            
1001ca9b  ti_sysbios_rom_cortexm_cc26xx_CC26xx_getRevision__E                       
20000000  ti_sysbios_family_arm_m3_Hwi_ramVectors                                   
20000100  ti_sysbios_knl_Task_Module__state__V                                      
20000144  ti_sysbios_family_arm_m3_Hwi_Module__state__V                             
20000178  ti_sysbios_knl_Clock_Module__state__V                                     
200001a4  ti_sysbios_BIOS_Module__state__V                                          
200001c8  ti_sysbios_knl_Swi_Module__state__V                                       
200001e4  ti_sysbios_family_arm_cc26xx_Timer_Module__state__V                       
200001ec  ti_sysbios_family_arm_cc26xx_TimestampProvider_Module__state__V           
200001f0  xdc_runtime_Startup_Module__state__V                                      
200001f8  xdc_runtime_System_Module__state__V                                       
20000200  xdc_runtime_Memory_Module__state__V                                       
2000020c  dispHandle                                                                
20000298  sbpTask                                                                   
200002e8  sbpTaskStack                                                              
2000056c  linkDBNumConns                                                            
20000680  gapRoleTask                                                               
200006d0  gapRoleTaskStack                                                          
20000db0  PowerCC26XX_module                                                        
20000ec0  ICall_dispatcher                                                          
20000ec8  ICall_enterCriticalSection                                                
20000ecc  ICall_leaveCriticalSection                                                
20000ee4  HEAPMGR_SIZE                                                              
20000f54  rfRegTbl                                                                  
20000fa4  ti_sysbios_knl_Task_Object__table__V                                      
20000ff0  ti_sysbios_family_arm_cc26xx_Timer_Object__table__V                       
20001038  ti_sysbios_gates_GateMutex_Object__table__V                               
20001070  ti_sysbios_knl_Swi_Module_State_0_readyQ__A                               
200010a0  ti_sysbios_knl_Swi_Object__table__V                                       
200010d0  ti_sysbios_knl_Task_Module_State_0_readyQ__A                              
20001100  user0Cfg                                                                  
20001130  ti_sysbios_knl_Clock_Object__table__V                                     
20001150  ti_sysbios_family_arm_m3_Hwi_Object__table__V                             
20001168  ti_sysbios_heaps_HeapMem_Object__table__V                                 
200011d6  ti_sysbios_family_arm_m3_Hwi_Module_State_0_excActive__A                  
200011d8  __TI_cleanup_ptr                                                          
200011dc  __TI_dtors_ptr                                                            
200011e0  __TI_enable_exit_profile_output                                           
200011e4  lastAppOpcodeSent                                                         
200011e8  pfnBMAlloc                                                                
200011ec  pfnBMFree                                                                 
200011fc  _lock                                                                     
20001200  _unlock                                                                   
2000120c  ti_sysbios_family_arm_m3_Hwi_Module__root__V                              
20001214  ti_sysbios_gates_GateHwi_Module__root__V                                  
2000121c  ti_sysbios_gates_GateMutex_Module__root__V                                
20001224  ti_sysbios_hal_Hwi_Module__root__V                                        
2000122c  ti_sysbios_heaps_HeapMem_Module__root__V                                  
20001234  ti_sysbios_knl_Clock_Module__root__V                                      
2000123c  ti_sysbios_knl_Mailbox_Module__root__V                                    
20001244  ti_sysbios_knl_Queue_Module__root__V                                      
2000124c  ti_sysbios_knl_Semaphore_Module__root__V                                  
20001254  ti_sysbios_knl_Swi_Module__root__V                                        
2000125c  ti_sysbios_knl_Task_Module__root__V                                       
2000126c  appAssertCback                                                            
20001270  main_func_sp                                                              
20001274  ti_sysbios_family_arm_m3_Hwi_Module_State_0_excContext__A                 
20001278  ti_sysbios_family_arm_m3_Hwi_Module_State_0_excStack__A                   
2000127c  ti_sysbios_knl_Task_Module_State_0_idleTask__A                            
20001280  ti_sysbios_heaps_HeapMem_Instance_State_0_buf__A                          
20001900  ti_sysbios_knl_Task_Instance_State_0_stack__A                             
20001b00  PIN_NumPins                                                               
20001b94  PIN_HandleTable                                                           
20001c10  ti_sysbios_family_arm_m3_Hwi_dispatchTable                                
20001cfc  trngCC26XXObjects                                                         
20001d00  driverlib_release_0_46593                                                 
20001d01  heapStart                                                                 
20003f48  __stack                                                                   
20003f48  heapEnd                                                                   
20004348  __STACK_END                                                               
20004348  __STACK_TOP                                                               
20004f2c  A4_rw                                                                     
20004f2c  COMMON_RAM_BASE_ADDR                                                      
20004f40  P2_rw                                                                     
20004f40  P2_s0                                                                     
20004f40  eccRom_windowSize                                                         
20004f44  eccRom_workzone                                                           
20004f48  eccRom_param_p                                                            
20004f4c  eccRom_param_r                                                            
20004f50  eccRom_param_a                                                            
20004f54  inScalar                                                                  
20004f58  inPointX                                                                  
20004f5c  inPointY                                                                  
20004f60  outPointX                                                                 
20004f64  outPointY                                                                 
20004f68  SCAL                                                                      
20004f6c  EXPX                                                                      
20004f70  EXPY                                                                      
20004f74  EXPZ                                                                      
20004f78  EXPW                                                                      
20004f7c  ACCX                                                                      
20004f80  ACCY                                                                      
20004f84  ACCZ                                                                      
20004f88  TMP1                                                                      
20004f8c  TMP2                                                                      
20004f90  TMP3                                                                      
20004f94  TMP4                                                                      
20004f98  TMP5                                                                      
20004f9c  TMP6                                                                      
20004fa0  eccRom_param_Gx                                                           
20004fa4  eccRom_param_Gy                                                           
20004fa8  eccRom_param_b                                                            
20004fac  P2_zi                                                                     
20004fac  ratChanInfo                                                               
20004fcc  fwInfoCmd                                                                 
20004fd8  MSBMOD                                                                    
20004fdc  aux64                                                                     
20004fe4  MOD                                                                       
20004fe8  LEN                                                                       
20004ffc  pSspAesEncrypt_Sw                                                         
e000e000  ti_sysbios_family_arm_m3_Hwi_nvic                                         
ffffffff  __TI_pprof_out_hndl                                                       
ffffffff  __TI_prof_data_size                                                       
ffffffff  __TI_prof_data_start                                                      
ffffffff  __binit__                                                                 
ffffffff  __c_args__                                                                
ffffffff  binit                                                                     
UNDEFED   HwiP_restore                                                              
UNDEFED   SHT$$INIT_ARRAY$$Base                                                     
UNDEFED   SHT$$INIT_ARRAY$$Limit                                                    
UNDEFED   ti_sysbios_BIOS_RtsGateProxy_Handle__label__S__mangled__                  
UNDEFED   ti_sysbios_BIOS_RtsGateProxy_Object__delete__S__mangled__                 
UNDEFED   ti_sysbios_BIOS_RtsGateProxy_Params__init__S__mangled__                   
UNDEFED   ti_sysbios_BIOS_RtsGateProxy_query__E__mangled__                          
UNDEFED   ti_sysbios_hal_Hwi_HwiProxy_Module__startupDone__S__mangled__             
UNDEFED   ti_sysbios_hal_Hwi_HwiProxy_Object__delete__S__mangled__                  
UNDEFED   ti_sysbios_hal_Hwi_HwiProxy_Params__init__S__mangled__                    
UNDEFED   ti_sysbios_hal_Hwi_HwiProxy_disableInterrupt__E__mangled__                
UNDEFED   ti_sysbios_hal_Hwi_HwiProxy_enableInterrupt__E__mangled__                 
UNDEFED   ti_sysbios_hal_Hwi_HwiProxy_getStackInfo__E__mangled__                    
UNDEFED   ti_sysbios_hal_Hwi_HwiProxy_startup__E__mangled__                         
UNDEFED   ti_sysbios_hal_Hwi_HwiProxy_switchFromBootStack__E__mangled__             
UNDEFED   ti_sysbios_hal_Hwi_disableInterrupt__E                                    
UNDEFED   ti_sysbios_hal_Hwi_enableInterrupt__E                                     
UNDEFED   ti_sysbios_hal_Hwi_getStackInfo__E                                        
UNDEFED   ti_sysbios_hal_Hwi_startup__E                                             
UNDEFED   ti_sysbios_hal_Hwi_switchFromBootStack__E                                 
UNDEFED   ti_sysbios_heaps_HeapMem_Module_GateProxy_Handle__label__S__mangled__     
UNDEFED   ti_sysbios_heaps_HeapMem_Module_GateProxy_Object__delete__S__mangled__    
UNDEFED   ti_sysbios_heaps_HeapMem_Module_GateProxy_Params__init__S__mangled__      
UNDEFED   ti_sysbios_heaps_HeapMem_Module_GateProxy_query__E__mangled__             
UNDEFED   ti_sysbios_knl_Clock_TimerProxy_Module__startupDone__S__mangled__         
UNDEFED   ti_sysbios_knl_Clock_TimerProxy_startup__E__mangled__                     
UNDEFED   ti_sysbios_knl_Task_SupportProxy_Module__startupDone__S__mangled__        
UNDEFED   ti_sysbios_knl_Task_SupportProxy_getStackAlignment__E__mangled__          
UNDEFED   ti_sysbios_knl_Task_SupportProxy_start__E__mangled__                      
UNDEFED   ti_sysbios_knl_Task_SupportProxy_swap__E__mangled__                       
UNDEFED   xdc_runtime_Main_Module_GateProxy_Handle__label__S                        
UNDEFED   xdc_runtime_Main_Module_GateProxy_Object__delete__S                       
UNDEFED   xdc_runtime_Main_Module_GateProxy_query__E                                
UNDEFED   xdc_runtime_Memory_HeapProxy_Handle__label__S__mangled__                  
UNDEFED   xdc_runtime_Memory_HeapProxy_Object__delete__S__mangled__                 
UNDEFED   xdc_runtime_System_Module_GateProxy_Handle__label__S__mangled__           
UNDEFED   xdc_runtime_System_Module_GateProxy_Object__delete__S__mangled__          
UNDEFED   xdc_runtime_System_Module_GateProxy_query__E__mangled__                   
UNDEFED   xdc_runtime_System_SupportProxy_abort__E                                  
UNDEFED   xdc_runtime_System_SupportProxy_exit__E                                   
UNDEFED   xdc_runtime_Timestamp_SupportProxy_get64__E__mangled__                    
UNDEFED   xdc_runtime_Timestamp_SupportProxy_getFreq__E__mangled__                  
UNDEFED   xdc_runtime_Timestamp_get32__E                                            
UNDEFED   xdc_runtime_Timestamp_get64__E                                            
UNDEFED   xdc_runtime_Timestamp_getFreq__E                                          

[975 symbols]
